Archive member included to satisfy reference by file (symbol)

c:/program files (x86)/atollic/truestudio for stm32 9.3.0/armtools/bin/../lib/gcc/arm-atollic-eabi/6.3.1/../../../../arm-atollic-eabi/lib/armv7e-m/fpu\libc.a(lib_a-init.o)
                              src\startup_stm32f40xx.o (__libc_init_array)
c:/program files (x86)/atollic/truestudio for stm32 9.3.0/armtools/bin/../lib/gcc/arm-atollic-eabi/6.3.1/../../../../arm-atollic-eabi/lib/armv7e-m/fpu\libc.a(lib_a-memcpy-stub.o)
                              middle\gsm_sim.o (memcpy)
c:/program files (x86)/atollic/truestudio for stm32 9.3.0/armtools/bin/../lib/gcc/arm-atollic-eabi/6.3.1/../../../../arm-atollic-eabi/lib/armv7e-m/fpu\libc.a(lib_a-memset.o)
                              middle\gsm_sim.o (memset)
c:/program files (x86)/atollic/truestudio for stm32 9.3.0/armtools/bin/../lib/gcc/arm-atollic-eabi/6.3.1/../../../../arm-atollic-eabi/lib/armv7e-m/fpu\libc.a(lib_a-strlen.o)
                              src\tiny_printf.o (strlen)
c:/program files (x86)/atollic/truestudio for stm32 9.3.0/armtools/bin/../lib/gcc/arm-atollic-eabi/6.3.1/../../../../arm-atollic-eabi/lib/armv7e-m/fpu\libnosys.a(write.o)
                              src\tiny_printf.o (_write)
c:/program files (x86)/atollic/truestudio for stm32 9.3.0/armtools/bin/../lib/gcc/arm-atollic-eabi/6.3.1/../../../../arm-atollic-eabi/lib/armv7e-m/fpu\libnosys.a(errno.o)
                              c:/program files (x86)/atollic/truestudio for stm32 9.3.0/armtools/bin/../lib/gcc/arm-atollic-eabi/6.3.1/../../../../arm-atollic-eabi/lib/armv7e-m/fpu\libnosys.a(write.o) (errno)

Allocating common symbols
Common symbol       size              file

errno               0x4               c:/program files (x86)/atollic/truestudio for stm32 9.3.0/armtools/bin/../lib/gcc/arm-atollic-eabi/6.3.1/../../../../arm-atollic-eabi/lib/armv7e-m/fpu\libnosys.a(errno.o)
data_len            0x4               middle\gsm_sim.o
data_received       0x200             middle\gsm_sim.o

Discarded input sections

 .text          0x00000000        0x0 c:/program files (x86)/atollic/truestudio for stm32 9.3.0/armtools/bin/../lib/gcc/arm-atollic-eabi/6.3.1/armv7e-m/fpu/crti.o
 .data          0x00000000        0x0 c:/program files (x86)/atollic/truestudio for stm32 9.3.0/armtools/bin/../lib/gcc/arm-atollic-eabi/6.3.1/armv7e-m/fpu/crti.o
 .bss           0x00000000        0x0 c:/program files (x86)/atollic/truestudio for stm32 9.3.0/armtools/bin/../lib/gcc/arm-atollic-eabi/6.3.1/armv7e-m/fpu/crti.o
 .data          0x00000000        0x4 c:/program files (x86)/atollic/truestudio for stm32 9.3.0/armtools/bin/../lib/gcc/arm-atollic-eabi/6.3.1/armv7e-m/fpu/crtbegin.o
 .text          0x00000000        0x0 Libraries\STM32F4xx_StdPeriph_Driver\src\misc.o
 .data          0x00000000        0x0 Libraries\STM32F4xx_StdPeriph_Driver\src\misc.o
 .bss           0x00000000        0x0 Libraries\STM32F4xx_StdPeriph_Driver\src\misc.o
 .text.NVIC_SetVectorTable
                0x00000000       0x2c Libraries\STM32F4xx_StdPeriph_Driver\src\misc.o
 .text.NVIC_SystemLPConfig
                0x00000000       0x44 Libraries\STM32F4xx_StdPeriph_Driver\src\misc.o
 .text.SysTick_CLKSourceConfig
                0x00000000       0x38 Libraries\STM32F4xx_StdPeriph_Driver\src\misc.o
 .text          0x00000000        0x0 Libraries\STM32F4xx_StdPeriph_Driver\src\stm32f4xx_adc.o
 .data          0x00000000        0x0 Libraries\STM32F4xx_StdPeriph_Driver\src\stm32f4xx_adc.o
 .bss           0x00000000        0x0 Libraries\STM32F4xx_StdPeriph_Driver\src\stm32f4xx_adc.o
 .text.ADC_DeInit
                0x00000000       0x1c Libraries\STM32F4xx_StdPeriph_Driver\src\stm32f4xx_adc.o
 .text.ADC_Init
                0x00000000       0xac Libraries\STM32F4xx_StdPeriph_Driver\src\stm32f4xx_adc.o
 .text.ADC_StructInit
                0x00000000       0x3e Libraries\STM32F4xx_StdPeriph_Driver\src\stm32f4xx_adc.o
 .text.ADC_CommonInit
                0x00000000       0x50 Libraries\STM32F4xx_StdPeriph_Driver\src\stm32f4xx_adc.o
 .text.ADC_CommonStructInit
                0x00000000       0x2c Libraries\STM32F4xx_StdPeriph_Driver\src\stm32f4xx_adc.o
 .text.ADC_Cmd  0x00000000       0x38 Libraries\STM32F4xx_StdPeriph_Driver\src\stm32f4xx_adc.o
 .text.ADC_AnalogWatchdogCmd
                0x00000000       0x3a Libraries\STM32F4xx_StdPeriph_Driver\src\stm32f4xx_adc.o
 .text.ADC_AnalogWatchdogThresholdsConfig
                0x00000000       0x28 Libraries\STM32F4xx_StdPeriph_Driver\src\stm32f4xx_adc.o
 .text.ADC_AnalogWatchdogSingleChannelConfig
                0x00000000       0x38 Libraries\STM32F4xx_StdPeriph_Driver\src\stm32f4xx_adc.o
 .text.ADC_TempSensorVrefintCmd
                0x00000000       0x3c Libraries\STM32F4xx_StdPeriph_Driver\src\stm32f4xx_adc.o
 .text.ADC_VBATCmd
                0x00000000       0x3c Libraries\STM32F4xx_StdPeriph_Driver\src\stm32f4xx_adc.o
 .text.ADC_RegularChannelConfig
[...]
Memory Configuration

Name             Origin             Length             Attributes
FLASH            0x08000000         0x00040000         xr
RAM              0x20000000         0x00010000         xrw
MEMORY_B1        0x60000000         0x00000000         xr
CCMRAM           0x10000000         0x00010000         rw
*default*        0x00000000         0xffffffff

Linker script and memory map

LOAD c:/program files (x86)/atollic/truestudio for stm32 9.3.0/armtools/bin/../lib/gcc/arm-atollic-eabi/6.3.1/armv7e-m/fpu/crti.o
LOAD c:/program files (x86)/atollic/truestudio for stm32 9.3.0/armtools/bin/../lib/gcc/arm-atollic-eabi/6.3.1/armv7e-m/fpu/crtbegin.o
LOAD Libraries\STM32F4xx_StdPeriph_Driver\src\misc.o
LOAD Libraries\STM32F4xx_StdPeriph_Driver\src\stm32f4xx_adc.o
LOAD Libraries\STM32F4xx_StdPeriph_Driver\src\stm32f4xx_can.o
LOAD Libraries\STM32F4xx_StdPeriph_Driver\src\stm32f4xx_crc.o
LOAD Libraries\STM32F4xx_StdPeriph_Driver\src\stm32f4xx_cryp.o
LOAD Libraries\STM32F4xx_StdPeriph_Driver\src\stm32f4xx_cryp_aes.o
LOAD Libraries\STM32F4xx_StdPeriph_Driver\src\stm32f4xx_cryp_des.o
LOAD Libraries\STM32F4xx_StdPeriph_Driver\src\stm32f4xx_cryp_tdes.o
LOAD Libraries\STM32F4xx_StdPeriph_Driver\src\stm32f4xx_dac.o
LOAD Libraries\STM32F4xx_StdPeriph_Driver\src\stm32f4xx_dbgmcu.o
LOAD Libraries\STM32F4xx_StdPeriph_Driver\src\stm32f4xx_dcmi.o
LOAD Libraries\STM32F4xx_StdPeriph_Driver\src\stm32f4xx_dma.o
LOAD Libraries\STM32F4xx_StdPeriph_Driver\src\stm32f4xx_exti.o
LOAD Libraries\STM32F4xx_StdPeriph_Driver\src\stm32f4xx_flash.o
LOAD Libraries\STM32F4xx_StdPeriph_Driver\src\stm32f4xx_fsmc.o
LOAD Libraries\STM32F4xx_StdPeriph_Driver\src\stm32f4xx_gpio.o
LOAD Libraries\STM32F4xx_StdPeriph_Driver\src\stm32f4xx_hash.o
LOAD Libraries\STM32F4xx_StdPeriph_Driver\src\stm32f4xx_hash_md5.o
LOAD Libraries\STM32F4xx_StdPeriph_Driver\src\stm32f4xx_hash_sha1.o
LOAD Libraries\STM32F4xx_StdPeriph_Driver\src\stm32f4xx_i2c.o
LOAD Libraries\STM32F4xx_StdPeriph_Driver\src\stm32f4xx_iwdg.o
LOAD Libraries\STM32F4xx_StdPeriph_Driver\src\stm32f4xx_pwr.o
LOAD Libraries\STM32F4xx_StdPeriph_Driver\src\stm32f4xx_rcc.o
LOAD Libraries\STM32F4xx_StdPeriph_Driver\src\stm32f4xx_rng.o
LOAD Libraries\STM32F4xx_StdPeriph_Driver\src\stm32f4xx_rtc.o
LOAD Libraries\STM32F4xx_StdPeriph_Driver\src\stm32f4xx_sdio.o
LOAD Libraries\STM32F4xx_StdPeriph_Driver\src\stm32f4xx_spi.o
LOAD Libraries\STM32F4xx_StdPeriph_Driver\src\stm32f4xx_syscfg.o
LOAD Libraries\STM32F4xx_StdPeriph_Driver\src\stm32f4xx_tim.o
LOAD Libraries\STM32F4xx_StdPeriph_Driver\src\stm32f4xx_usart.o
LOAD Libraries\STM32F4xx_StdPeriph_Driver\src\stm32f4xx_wwdg.o
LOAD middle\button.o
LOAD middle\gsm_sim.o
LOAD middle\init.o
LOAD middle\led.o
LOAD middle\power_on_gsm.o
LOAD middle\struc_queue.o
LOAD middle\systick.o
LOAD middle\uart.o
LOAD src\main.o
LOAD src\startup_stm32f40xx.o
LOAD src\stm32f4xx_it.o
LOAD src\system_stm32f4xx.o
LOAD src\tiny_printf.o
                0x00000080                malloc_getpagesize_P = 0x80
START GROUP
LOAD c:/program files (x86)/atollic/truestudio for stm32 9.3.0/armtools/bin/../lib/gcc/arm-atollic-eabi/6.3.1/../../../../arm-atollic-eabi/lib/armv7e-m/fpu\libc.a
LOAD c:/program files (x86)/atollic/truestudio for stm32 9.3.0/armtools/bin/../lib/gcc/arm-atollic-eabi/6.3.1/../../../../arm-atollic-eabi/lib/armv7e-m/fpu\libm.a
END GROUP
START GROUP
LOAD c:/program files (x86)/atollic/truestudio for stm32 9.3.0/armtools/bin/../lib/gcc/arm-atollic-eabi/6.3.1/armv7e-m/fpu\libgcc.a
LOAD c:/program files (x86)/atollic/truestudio for stm32 9.3.0/armtools/bin/../lib/gcc/arm-atollic-eabi/6.3.1/../../../../arm-atollic-eabi/lib/armv7e-m/fpu\libc.a
END GROUP
START GROUP
LOAD c:/program files (x86)/atollic/truestudio for stm32 9.3.0/armtools/bin/../lib/gcc/arm-atollic-eabi/6.3.1/armv7e-m/fpu\libgcc.a
LOAD c:/program files (x86)/atollic/truestudio for stm32 9.3.0/armtools/bin/../lib/gcc/arm-atollic-eabi/6.3.1/../../../../arm-atollic-eabi/lib/armv7e-m/fpu\libc.a
LOAD c:/program files (x86)/atollic/truestudio for stm32 9.3.0/armtools/bin/../lib/gcc/arm-atollic-eabi/6.3.1/../../../../arm-atollic-eabi/lib/armv7e-m/fpu\libnosys.a
END GROUP
LOAD c:/program files (x86)/atollic/truestudio for stm32 9.3.0/armtools/bin/../lib/gcc/arm-atollic-eabi/6.3.1/armv7e-m/fpu/crtend.o
LOAD c:/program files (x86)/atollic/truestudio for stm32 9.3.0/armtools/bin/../lib/gcc/arm-atollic-eabi/6.3.1/armv7e-m/fpu/crtn.o
                0x20010000                _estack = 0x20010000
                0x00000000                _Min_Heap_Size = 0x0
                0x00000200                _Min_Stack_Size = 0x200

.isr_vector     0x08000000      0x188
                0x08000000                . = ALIGN (0x4)
 *(.isr_vector)
 .isr_vector    0x08000000      0x188 src\startup_stm32f40xx.o
                0x08000000                g_pfnVectors
                0x08000188                . = ALIGN (0x4)

.text           0x08000188     0x1214
                0x08000188                . = ALIGN (0x4)
 *(.text)
 .text          0x08000188       0x40 c:/program files (x86)/atollic/truestudio for stm32 9.3.0/armtools/bin/../lib/gcc/arm-atollic-eabi/6.3.1/armv7e-m/fpu/crtbegin.o
 *(.text*)
 .text.NVIC_PriorityGroupConfig
                0x080001c8       0x28 Libraries\STM32F4xx_StdPeriph_Driver\src\misc.o
                0x080001c8                NVIC_PriorityGroupConfig
 .text.NVIC_Init
                0x080001f0       0xc4 Libraries\STM32F4xx_StdPeriph_Driver\src\misc.o
                0x080001f0                NVIC_Init
 .text.GPIO_Init
                0x080002b4      0x11c Libraries\STM32F4xx_StdPeriph_Driver\src\stm32f4xx_gpio.o
                0x080002b4                GPIO_Init
 .text.GPIO_StructInit
                0x080003d0       0x34 Libraries\STM32F4xx_StdPeriph_Driver\src\stm32f4xx_gpio.o
                0x080003d0                GPIO_StructInit
 .text.GPIO_ReadInputDataBit
                0x08000404       0x34 Libraries\STM32F4xx_StdPeriph_Driver\src\stm32f4xx_gpio.o
                0x08000404                GPIO_ReadInputDataBit
 .text.GPIO_SetBits
                0x08000438       0x1e Libraries\STM32F4xx_StdPeriph_Driver\src\stm32f4xx_gpio.o
                0x08000438                GPIO_SetBits
 .text.GPIO_PinAFConfig
                0x08000456       0x92 Libraries\STM32F4xx_StdPeriph_Driver\src\stm32f4xx_gpio.o
                0x08000456                GPIO_PinAFConfig
 .text.RCC_GetClocksFreq
                0x080004e8      0x150 Libraries\STM32F4xx_StdPeriph_Driver\src\stm32f4xx_rcc.o
                0x080004e8                RCC_GetClocksFreq
 .text.RCC_AHB1PeriphClockCmd
                0x08000638       0x40 Libraries\STM32F4xx_StdPeriph_Driver\src\stm32f4xx_rcc.o
                0x08000638                RCC_AHB1PeriphClockCmd
 .text.RCC_APB1PeriphClockCmd
                0x08000678       0x40 Libraries\STM32F4xx_StdPeriph_Driver\src\stm32f4xx_rcc.o
                0x08000678                RCC_APB1PeriphClockCmd
 .text.RCC_APB2PeriphClockCmd
                0x080006b8       0x40 Libraries\STM32F4xx_StdPeriph_Driver\src\stm32f4xx_rcc.o
                0x080006b8                RCC_APB2PeriphClockCmd
 .text.USART_Init
                0x080006f8      0x174 Libraries\STM32F4xx_StdPeriph_Driver\src\stm32f4xx_usart.o
                0x080006f8                USART_Init
 .text.USART_Cmd
                0x0800086c       0x40 Libraries\STM32F4xx_StdPeriph_Driver\src\stm32f4xx_usart.o
                0x0800086c                USART_Cmd
 .text.USART_SendData
                0x080008ac       0x24 Libraries\STM32F4xx_StdPeriph_Driver\src\stm32f4xx_usart.o
                0x080008ac                USART_SendData
 .text.USART_ReceiveData
                0x080008d0       0x20 Libraries\STM32F4xx_StdPeriph_Driver\src\stm32f4xx_usart.o
                0x080008d0                USART_ReceiveData
 .text.USART_ITConfig
                0x080008f0       0x90 Libraries\STM32F4xx_StdPeriph_Driver\src\stm32f4xx_usart.o
                0x080008f0                USART_ITConfig
 .text.USART_GetFlagStatus
                0x08000980       0x38 Libraries\STM32F4xx_StdPeriph_Driver\src\stm32f4xx_usart.o
                0x08000980                USART_GetFlagStatus
 .text.USART_GetITStatus
                0x080009b8       0xb6 Libraries\STM32F4xx_StdPeriph_Driver\src\stm32f4xx_usart.o
                0x080009b8                USART_GetITStatus
 *fill*         0x08000a6e        0x2 
 .text.init_button
                0x08000a70       0x28 middle\button.o
                0x08000a70                init_button
 .text.get_btn_status
                0x08000a98       0x18 middle\button.o
                0x08000a98                get_btn_status
 .text.button_loop
                0x08000ab0      0x1d4 middle\button.o
                0x08000ab0                button_loop
 .text.USART1_IRQHandler
                0x08000c84       0x60 middle\gsm_sim.o
                0x08000c84                USART1_IRQHandler
 .text.init_gsm_sim
                0x08000ce4       0xb8 middle\gsm_sim.o
                0x08000ce4                init_gsm_sim
 .text.init_gsm_power_pin
                0x08000d9c       0x3c middle\gsm_sim.o
                0x08000d9c                init_gsm_power_pin
 .text.enable_clock
                0x08000dd8       0x2a middle\init.o
                0x08000dd8                enable_clock
 .text.init     0x08000e02       0x24 middle\init.o
                0x08000e02                init
 *fill*         0x08000e26        0x2 
 .text.init_led
                0x08000e28       0x30 middle\led.o
                0x08000e28                init_led
 .text.led_on   0x08000e58       0x18 middle\led.o
                0x08000e58                led_on
 .text.NVIC_SetPriority
                0x08000e70       0x54 middle\systick.o
 .text.SysTick_Config
                0x08000ec4       0x44 middle\systick.o
 .text.init_systick
                0x08000f08       0x28 middle\systick.o
                0x08000f08                init_systick
 .text.SysTick_Handler
                0x08000f30       0x1c middle\systick.o
                0x08000f30                SysTick_Handler
 .text.sys_get_tick_ms
                0x08000f4c       0x18 middle\systick.o
                0x08000f4c                sys_get_tick_ms
 .text.init_uart
                0x08000f64       0x64 middle\uart.o
                0x08000f64                init_uart
 .text.uart_send_string
                0x08000fc8       0x3e middle\uart.o
                0x08000fc8                uart_send_string
 *fill*         0x08001006        0x2 
 .text.main     0x08001008       0x24 src\main.o
                0x08001008                main
 .text.Reset_Handler
                0x0800102c       0x50 src\startup_stm32f40xx.o
                0x0800102c                Reset_Handler
 .text.Default_Handler
                0x0800107c        0x2 src\startup_stm32f40xx.o
                0x0800107c                RTC_Alarm_IRQHandler
                0x0800107c                HASH_RNG_IRQHandler
                0x0800107c                EXTI2_IRQHandler
                0x0800107c                TIM8_CC_IRQHandler
                0x0800107c                TIM1_CC_IRQHandler
                0x0800107c                DMA2_Stream5_IRQHandler
                0x0800107c                DMA1_Stream5_IRQHandler
                0x0800107c                PVD_IRQHandler
                0x0800107c                SDIO_IRQHandler
                0x0800107c                TAMP_STAMP_IRQHandler
                0x0800107c                CAN2_RX1_IRQHandler
                0x0800107c                EXTI3_IRQHandler
                0x0800107c                TIM8_TRG_COM_TIM14_IRQHandler
                0x0800107c                TIM1_UP_TIM10_IRQHandler
                0x0800107c                TIM8_UP_TIM13_IRQHandler
                0x0800107c                I2C3_ER_IRQHandler
                0x0800107c                EXTI0_IRQHandler
                0x0800107c                I2C2_EV_IRQHandler
                0x0800107c                DMA1_Stream2_IRQHandler
                0x0800107c                CAN1_RX0_IRQHandler
                0x0800107c                FPU_IRQHandler
                0x0800107c                OTG_HS_WKUP_IRQHandler
                0x0800107c                CAN2_SCE_IRQHandler
                0x0800107c                DMA2_Stream2_IRQHandler
                0x0800107c                SPI1_IRQHandler
                0x0800107c                TIM6_DAC_IRQHandler
                0x0800107c                TIM1_BRK_TIM9_IRQHandler
                0x0800107c                DCMI_IRQHandler
                0x0800107c                CAN2_RX0_IRQHandler
                0x0800107c                DMA2_Stream3_IRQHandler
                0x0800107c                USART6_IRQHandler
                0x0800107c                USART3_IRQHandler
                0x0800107c                CRYP_IRQHandler
                0x0800107c                CAN1_RX1_IRQHandler
                0x0800107c                UART5_IRQHandler
                0x0800107c                DMA2_Stream0_IRQHandler
                0x0800107c                TIM4_IRQHandler
                0x0800107c                I2C1_EV_IRQHandler
                0x0800107c                DMA1_Stream6_IRQHandler
                0x0800107c                DMA1_Stream1_IRQHandler
                0x0800107c                UART4_IRQHandler
                0x0800107c                TIM3_IRQHandler
                0x0800107c                RCC_IRQHandler
                0x0800107c                TIM8_BRK_TIM12_IRQHandler
                0x0800107c                Default_Handler
                0x0800107c                EXTI15_10_IRQHandler
                0x0800107c                ADC_IRQHandler
                0x0800107c                DMA1_Stream7_IRQHandler
                0x0800107c                TIM7_IRQHandler
                0x0800107c                CAN2_TX_IRQHandler
                0x0800107c                TIM5_IRQHandler
                0x0800107c                DMA2_Stream7_IRQHandler
                0x0800107c                I2C3_EV_IRQHandler
                0x0800107c                EXTI9_5_IRQHandler
                0x0800107c                RTC_WKUP_IRQHandler
                0x0800107c                ETH_WKUP_IRQHandler
                0x0800107c                SPI2_IRQHandler
                0x0800107c                OTG_HS_EP1_IN_IRQHandler
                0x0800107c                DMA1_Stream0_IRQHandler
                0x0800107c                CAN1_TX_IRQHandler
                0x0800107c                EXTI4_IRQHandler
                0x0800107c                FSMC_IRQHandler
                0x0800107c                ETH_IRQHandler
                0x0800107c                OTG_HS_EP1_OUT_IRQHandler
                0x0800107c                WWDG_IRQHandler
                0x0800107c                TIM2_IRQHandler
                0x0800107c                OTG_FS_WKUP_IRQHandler
                0x0800107c                TIM1_TRG_COM_TIM11_IRQHandler
                0x0800107c                OTG_HS_IRQHandler
                0x0800107c                EXTI1_IRQHandler
                0x0800107c                USART2_IRQHandler
                0x0800107c                I2C2_ER_IRQHandler
                0x0800107c                DMA2_Stream1_IRQHandler
                0x0800107c                CAN1_SCE_IRQHandler
                0x0800107c                FLASH_IRQHandler
                0x0800107c                DMA2_Stream4_IRQHandler
                0x0800107c                OTG_FS_IRQHandler
                0x0800107c                SPI3_IRQHandler
                0x0800107c                DMA1_Stream4_IRQHandler
                0x0800107c                I2C1_ER_IRQHandler
                0x0800107c                DMA2_Stream6_IRQHandler
                0x0800107c                DMA1_Stream3_IRQHandler
 .text.NMI_Handler
                0x0800107e        0xe src\stm32f4xx_it.o
                0x0800107e                NMI_Handler
 .text.HardFault_Handler
                0x0800108c        0x6 src\stm32f4xx_it.o
                0x0800108c                HardFault_Handler
 .text.MemManage_Handler
                0x08001092        0x6 src\stm32f4xx_it.o
                0x08001092                MemManage_Handler
 .text.BusFault_Handler
                0x08001098        0x6 src\stm32f4xx_it.o
                0x08001098                BusFault_Handler
 .text.UsageFault_Handler
                0x0800109e        0x6 src\stm32f4xx_it.o
                0x0800109e                UsageFault_Handler
 .text.SVC_Handler
                0x080010a4        0xe src\stm32f4xx_it.o
                0x080010a4                SVC_Handler
 .text.DebugMon_Handler
                0x080010b2        0xe src\stm32f4xx_it.o
                0x080010b2                DebugMon_Handler
 .text.PendSV_Handler
                0x080010c0        0xe src\stm32f4xx_it.o
                0x080010c0                PendSV_Handler
 *fill*         0x080010ce        0x2 
 .text.SystemInit
                0x080010d0       0x6c src\system_stm32f4xx.o
                0x080010d0                SystemInit
 .text.SystemCoreClockUpdate
                0x0800113c       0xf8 src\system_stm32f4xx.o
                0x0800113c                SystemCoreClockUpdate
 .text.SetSysClock
                0x08001234       0xf8 src\system_stm32f4xx.o
 .text.__libc_init_array
                0x0800132c       0x48 c:/program files (x86)/atollic/truestudio for stm32 9.3.0/armtools/bin/../lib/gcc/arm-atollic-eabi/6.3.1/../../../../arm-atollic-eabi/lib/armv7e-m/fpu\libc.a(lib_a-init.o)
                0x0800132c                __libc_init_array
 .text.memset   0x08001374       0x10 c:/program files (x86)/atollic/truestudio for stm32 9.3.0/armtools/bin/../lib/gcc/arm-atollic-eabi/6.3.1/../../../../arm-atollic-eabi/lib/armv7e-m/fpu\libc.a(lib_a-memset.o)
                0x08001374                memset
 *(.glue_7)
 .glue_7        0x08001384        0x0 linker stubs
 *(.glue_7t)
 .glue_7t       0x08001384        0x0 linker stubs
 *(.eh_frame)
 .eh_frame      0x08001384        0x0 c:/program files (x86)/atollic/truestudio for stm32 9.3.0/armtools/bin/../lib/gcc/arm-atollic-eabi/6.3.1/armv7e-m/fpu/crtbegin.o
 *(.init)
 .init          0x08001384        0x4 c:/program files (x86)/atollic/truestudio for stm32 9.3.0/armtools/bin/../lib/gcc/arm-atollic-eabi/6.3.1/armv7e-m/fpu/crti.o
                0x08001384                _init
 .init          0x08001388        0x8 c:/program files (x86)/atollic/truestudio for stm32 9.3.0/armtools/bin/../lib/gcc/arm-atollic-eabi/6.3.1/armv7e-m/fpu/crtn.o
 *(.fini)
 .fini          0x08001390        0x4 c:/program files (x86)/atollic/truestudio for stm32 9.3.0/armtools/bin/../lib/gcc/arm-atollic-eabi/6.3.1/armv7e-m/fpu/crti.o
                0x08001390                _fini
 .fini          0x08001394        0x8 c:/program files (x86)/atollic/truestudio for stm32 9.3.0/armtools/bin/../lib/gcc/arm-atollic-eabi/6.3.1/armv7e-m/fpu/crtn.o
                0x0800139c                . = ALIGN (0x4)
                0x0800139c                _etext = .

.vfp11_veneer   0x0800139c        0x0
 .vfp11_veneer  0x0800139c        0x0 linker stubs

.v4_bx          0x0800139c        0x0
 .v4_bx         0x0800139c        0x0 linker stubs

.iplt           0x0800139c        0x0
 .iplt          0x0800139c        0x0 c:/program files (x86)/atollic/truestudio for stm32 9.3.0/armtools/bin/../lib/gcc/arm-atollic-eabi/6.3.1/armv7e-m/fpu/crtbegin.o

.rodata         0x0800139c      0x128
                0x0800139c                . = ALIGN (0x4)
 *(.rodata)
 .rodata        0x0800139c       0x35 middle\button.o
 *fill*         0x080013d1        0x3 
 .rodata        0x080013d4       0xef src\main.o
 *(.rodata*)
                0x080014c4                . = ALIGN (0x4)
 *fill*         0x080014c3        0x1 

.rel.dyn        0x080014c4        0x0
 .rel.iplt      0x080014c4        0x0 c:/program files (x86)/atollic/truestudio for stm32 9.3.0/armtools/bin/../lib/gcc/arm-atollic-eabi/6.3.1/armv7e-m/fpu/crtbegin.o

.ARM.extab
 *(.ARM.extab* .gnu.linkonce.armextab.*)

.ARM            0x080014c4        0x0
                0x080014c4                __exidx_start = .
 *(.ARM.exidx*)
                0x080014c4                __exidx_end = .

.preinit_array  0x080014c4        0x0
                0x080014c4                PROVIDE (__preinit_array_start, .)
 *(.preinit_array*)
                0x080014c4                PROVIDE (__preinit_array_end, .)

.init_array     0x080014c4        0x4
                0x080014c4                PROVIDE (__init_array_start, .)
 *(SORT(.init_array.*))
 *(.init_array*)
 .init_array    0x080014c4        0x4 c:/program files (x86)/atollic/truestudio for stm32 9.3.0/armtools/bin/../lib/gcc/arm-atollic-eabi/6.3.1/armv7e-m/fpu/crtbegin.o
                0x080014c8                PROVIDE (__init_array_end, .)

.fini_array     0x080014c8        0x4
                [!provide]                PROVIDE (__fini_array_start, .)
 *(SORT(.fini_array.*))
 *(.fini_array*)
 .fini_array    0x080014c8        0x4 c:/program files (x86)/atollic/truestudio for stm32 9.3.0/armtools/bin/../lib/gcc/arm-atollic-eabi/6.3.1/armv7e-m/fpu/crtbegin.o
                [!provide]                PROVIDE (__fini_array_end, .)
                0x080014cc                _sidata = LOADADDR (.data)

.data           0x20000000       0x28 load address 0x080014cc
                0x20000000                . = ALIGN (0x4)
                0x20000000                _sdata = .
 *(.data)
 *(.data*)
 .data.APBAHBPrescTable
                0x20000000       0x10 Libraries\STM32F4xx_StdPeriph_Driver\src\stm32f4xx_rcc.o
 .data.time_click.8669
                0x20000010        0x1 middle\button.o
 *fill*         0x20000011        0x3 
 .data.SystemCoreClock
                0x20000014        0x4 src\system_stm32f4xx.o
                0x20000014                SystemCoreClock
 .data.AHBPrescTable
                0x20000018       0x10 src\system_stm32f4xx.o
                0x20000018                AHBPrescTable
                0x20000028                . = ALIGN (0x4)
                0x20000028                _edata = .
                0x080014f4                _siccmram = LOADADDR (.ccmram)

.igot.plt       0x20000028        0x0 load address 0x080014f4
 .igot.plt      0x20000028        0x0 c:/program files (x86)/atollic/truestudio for stm32 9.3.0/armtools/bin/../lib/gcc/arm-atollic-eabi/6.3.1/armv7e-m/fpu/crtbegin.o

.ccmram         0x10000000        0x0 load address 0x080014f4
                0x10000000                . = ALIGN (0x4)
                0x10000000                _sccmram = .
 *(.ccmram)
 *(.ccmram*)
                0x10000000                . = ALIGN (0x4)
                0x10000000                _eccmram = .
                0x10000000                . = ALIGN (0x4)

.bss            0x20000028      0x240
                0x20000028                _sbss = .
                0x20000028                __bss_start__ = _sbss
 *(.bss)
 .bss           0x20000028       0x1c c:/program files (x86)/atollic/truestudio for stm32 9.3.0/armtools/bin/../lib/gcc/arm-atollic-eabi/6.3.1/armv7e-m/fpu/crtbegin.o
 *(.bss*)
 .bss.old_click_ms.8665
                0x20000044        0x4 middle\button.o
 .bss.time_to_wait.8666
                0x20000048        0x4 middle\button.o
 .bss.status.8667
                0x2000004c        0x1 middle\button.o
 *fill*         0x2000004d        0x3 
 .bss.time_long_click.8668
                0x20000050        0x4 middle\button.o
 .bss.time_wait_click.8670
                0x20000054        0x4 middle\button.o
 .bss.old_ms_received
                0x20000058        0x4 middle\gsm_sim.o
 .bss.have_new_data
                0x2000005c        0x4 middle\gsm_sim.o
 .bss.msTick    0x20000060        0x4 middle\systick.o
 *(COMMON)
 COMMON         0x20000064      0x204 middle\gsm_sim.o
                0x20000064                data_len
                0x20000068                data_received
                0x20000268                . = ALIGN (0x4)
                0x20000268                _ebss = .
                0x20000268                __bss_end__ = _ebss

._user_heap_stack
                0x20000268      0x200
                0x20000268                . = ALIGN (0x4)
                [!provide]                PROVIDE (end, .)
                [!provide]                PROVIDE (_end, .)
                0x20000268                . = (. + _Min_Heap_Size)
                0x20000468                . = (. + _Min_Stack_Size)
 *fill*         0x20000268      0x200 
                0x20000468                . = ALIGN (0x4)

.memory_b1_text
 *(.mb1text)
 *(.mb1text*)
 *(.mb1rodata)
 *(.mb1rodata*)

/DISCARD/
 libc.a(*)
 libm.a(*)
 libgcc.a(*)

.ARM.attributes
                0x00000000       0x30
 *(.ARM.attributes)
 .ARM.attributes
                0x00000000       0x22 c:/program files (x86)/atollic/truestudio for stm32 9.3.0/armtools/bin/../lib/gcc/arm-atollic-eabi/6.3.1/armv7e-m/fpu/crti.o
 .ARM.attributes
                0x00000022       0x34 c:/program files (x86)/atollic/truestudio for stm32 9.3.0/armtools/bin/../lib/gcc/arm-atollic-eabi/6.3.1/armv7e-m/fpu/crtbegin.o
 .ARM.attributes
                0x00000056       0x39 Libraries\STM32F4xx_StdPeriph_Driver\src\misc.o
 .ARM.attributes
                0x0000008f       0x39 Libraries\STM32F4xx_StdPeriph_Driver\src\stm32f4xx_gpio.o
 .ARM.attributes
                0x000000c8       0x39 Libraries\STM32F4xx_StdPeriph_Driver\src\stm32f4xx_rcc.o
 .ARM.attributes
                0x00000101       0x39 Libraries\STM32F4xx_StdPeriph_Driver\src\stm32f4xx_usart.o
 .ARM.attributes
                0x0000013a       0x39 middle\button.o
 .ARM.attributes
                0x00000173       0x39 middle\gsm_sim.o
 .ARM.attributes
                0x000001ac       0x39 middle\init.o
 .ARM.attributes
                0x000001e5       0x39 middle\led.o
 .ARM.attributes
                0x0000021e       0x39 middle\systick.o
 .ARM.attributes
                0x00000257       0x39 middle\uart.o
 .ARM.attributes
                0x00000290       0x39 src\main.o
 .ARM.attributes
                0x000002c9       0x21 src\startup_stm32f40xx.o
 .ARM.attributes
                0x000002ea       0x39 src\stm32f4xx_it.o
 .ARM.attributes
                0x00000323       0x39 src\system_stm32f4xx.o
 .ARM.attributes
                0x0000035c       0x34 c:/program files (x86)/atollic/truestudio for stm32 9.3.0/armtools/bin/../lib/gcc/arm-atollic-eabi/6.3.1/../../../../arm-atollic-eabi/lib/armv7e-m/fpu\libc.a(lib_a-init.o)
 .ARM.attributes
                0x00000390       0x34 c:/program files (x86)/atollic/truestudio for stm32 9.3.0/armtools/bin/../lib/gcc/arm-atollic-eabi/6.3.1/../../../../arm-atollic-eabi/lib/armv7e-m/fpu\libc.a(lib_a-memset.o)
 .ARM.attributes
                0x000003c4       0x22 c:/program files (x86)/atollic/truestudio for stm32 9.3.0/armtools/bin/../lib/gcc/arm-atollic-eabi/6.3.1/armv7e-m/fpu/crtn.o
OUTPUT(SIM_A7600C1.elf elf32-littlearm)

.debug_info     0x00000000     0x68aa
 .debug_info    0x00000000      0x54d Libraries\STM32F4xx_StdPeriph_Driver\src\misc.o
 .debug_info    0x0000054d      0x628 Libraries\STM32F4xx_StdPeriph_Driver\src\stm32f4xx_gpio.o
 .debug_info    0x00000b75      0xc98 Libraries\STM32F4xx_StdPeriph_Driver\src\stm32f4xx_rcc.o
 .debug_info    0x0000180d      0x9d5 Libraries\STM32F4xx_StdPeriph_Driver\src\stm32f4xx_usart.o
 .debug_info    0x000021e2      0x4b3 middle\button.o
 .debug_info    0x00002695     0x1054 middle\gsm_sim.o
 .debug_info    0x000036e9      0x987 middle\init.o
 .debug_info    0x00004070      0x2c8 middle\led.o
 .debug_info    0x00004338      0x6c2 middle\systick.o
 .debug_info    0x000049fa      0xcc0 middle\uart.o
 .debug_info    0x000056ba      0xa45 src\main.o
 .debug_info    0x000060ff       0x8b src\startup_stm32f40xx.o
 .debug_info    0x0000618a      0x143 src\stm32f4xx_it.o
 .debug_info    0x000062cd      0x5dd src\system_stm32f4xx.o

.debug_abbrev   0x00000000     0x1485
 .debug_abbrev  0x00000000      0x172 Libraries\STM32F4xx_StdPeriph_Driver\src\misc.o
 .debug_abbrev  0x00000172      0x1b8 Libraries\STM32F4xx_StdPeriph_Driver\src\stm32f4xx_gpio.o
 .debug_abbrev  0x0000032a      0x1f8 Libraries\STM32F4xx_StdPeriph_Driver\src\stm32f4xx_rcc.o
 .debug_abbrev  0x00000522      0x182 Libraries\STM32F4xx_StdPeriph_Driver\src\stm32f4xx_usart.o
 .debug_abbrev  0x000006a4      0x178 middle\button.o
 .debug_abbrev  0x0000081c      0x2a1 middle\gsm_sim.o
 .debug_abbrev  0x00000abd      0x19f middle\init.o
 .debug_abbrev  0x00000c5c      0x119 middle\led.o
 .debug_abbrev  0x00000d75      0x19c middle\systick.o
 .debug_abbrev  0x00000f11      0x1fc middle\uart.o
 .debug_abbrev  0x0000110d      0x196 src\main.o
 .debug_abbrev  0x000012a3       0x12 src\startup_stm32f40xx.o
 .debug_abbrev  0x000012b5       0x78 src\stm32f4xx_it.o
 .debug_abbrev  0x0000132d      0x158 src\system_stm32f4xx.o

.debug_aranges  0x00000000      0x580
 .debug_aranges
                0x00000000       0x40 Libraries\STM32F4xx_StdPeriph_Driver\src\misc.o
 .debug_aranges
                0x00000040       0x88 Libraries\STM32F4xx_StdPeriph_Driver\src\stm32f4xx_gpio.o
 .debug_aranges
                0x000000c8      0x180 Libraries\STM32F4xx_StdPeriph_Driver\src\stm32f4xx_rcc.o
 .debug_aranges
                0x00000248      0x100 Libraries\STM32F4xx_StdPeriph_Driver\src\stm32f4xx_usart.o
 .debug_aranges
                0x00000348       0x30 middle\button.o
 .debug_aranges
                0x00000378       0x70 middle\gsm_sim.o
 .debug_aranges
                0x000003e8       0x28 middle\init.o
 .debug_aranges
                0x00000410       0x30 middle\led.o
 .debug_aranges
                0x00000440       0x40 middle\systick.o
 .debug_aranges
                0x00000480       0x30 middle\uart.o
 .debug_aranges
                0x000004b0       0x20 src\main.o
 .debug_aranges
                0x000004d0       0x28 src\startup_stm32f40xx.o
 .debug_aranges
                0x000004f8       0x58 src\stm32f4xx_it.o
 .debug_aranges
                0x00000550       0x30 src\system_stm32f4xx.o

.debug_ranges   0x00000000      0x4a8
 .debug_ranges  0x00000000       0x30 Libraries\STM32F4xx_StdPeriph_Driver\src\misc.o
 .debug_ranges  0x00000030       0x78 Libraries\STM32F4xx_StdPeriph_Driver\src\stm32f4xx_gpio.o
 .debug_ranges  0x000000a8      0x170 Libraries\STM32F4xx_StdPeriph_Driver\src\stm32f4xx_rcc.o
 .debug_ranges  0x00000218       0xf0 Libraries\STM32F4xx_StdPeriph_Driver\src\stm32f4xx_usart.o
 .debug_ranges  0x00000308       0x20 middle\button.o
 .debug_ranges  0x00000328       0x60 middle\gsm_sim.o
 .debug_ranges  0x00000388       0x18 middle\init.o
 .debug_ranges  0x000003a0       0x20 middle\led.o
 .debug_ranges  0x000003c0       0x30 middle\systick.o
 .debug_ranges  0x000003f0       0x20 middle\uart.o
 .debug_ranges  0x00000410       0x10 src\main.o
 .debug_ranges  0x00000420       0x20 src\startup_stm32f40xx.o
 .debug_ranges  0x00000440       0x48 src\stm32f4xx_it.o
 .debug_ranges  0x00000488       0x20 src\system_stm32f4xx.o

.debug_line     0x00000000     0x265a
 .debug_line    0x00000000      0x253 Libraries\STM32F4xx_StdPeriph_Driver\src\misc.o
 .debug_line    0x00000253      0x375 Libraries\STM32F4xx_StdPeriph_Driver\src\stm32f4xx_gpio.o
 .debug_line    0x000005c8      0x5cd Libraries\STM32F4xx_StdPeriph_Driver\src\stm32f4xx_rcc.o
 .debug_line    0x00000b95      0x4df Libraries\STM32F4xx_StdPeriph_Driver\src\stm32f4xx_usart.o
 .debug_line    0x00001074      0x250 middle\button.o
 .debug_line    0x000012c4      0x376 middle\gsm_sim.o
 .debug_line    0x0000163a      0x25e middle\init.o
 .debug_line    0x00001898      0x1fd middle\led.o
 .debug_line    0x00001a95      0x1f8 middle\systick.o
 .debug_line    0x00001c8d      0x2c5 middle\uart.o
 .debug_line    0x00001f52      0x25f src\main.o
 .debug_line    0x000021b1       0x7a src\startup_stm32f40xx.o
 .debug_line    0x0000222b      0x216 src\stm32f4xx_it.o
 .debug_line    0x00002441      0x219 src\system_stm32f4xx.o

.debug_str      0x00000000     0x1f3c
 .debug_str     0x00000000      0x41a Libraries\STM32F4xx_StdPeriph_Driver\src\misc.o
                                0x467 (size before relaxing)
 .debug_str     0x0000041a      0x330 Libraries\STM32F4xx_StdPeriph_Driver\src\stm32f4xx_gpio.o
                                0x53c (size before relaxing)
 .debug_str     0x0000074a      0x66c Libraries\STM32F4xx_StdPeriph_Driver\src\stm32f4xx_rcc.o
                                0x912 (size before relaxing)
 .debug_str     0x00000db6      0x42a Libraries\STM32F4xx_StdPeriph_Driver\src\stm32f4xx_usart.o
                                0x728 (size before relaxing)
 .debug_str     0x000011e0      0x108 middle\button.o
                                0x4fb (size before relaxing)
 .debug_str     0x000012e8      0xa08 middle\gsm_sim.o
                                0xf60 (size before relaxing)
 .debug_str     0x00001cf0       0x49 middle\init.o
                                0x675 (size before relaxing)
 .debug_str     0x00001d39       0x28 middle\led.o
                                0x3a8 (size before relaxing)
 .debug_str     0x00001d61       0x68 middle\systick.o
                                0x84b (size before relaxing)
 .debug_str     0x00001dc9       0x3b middle\uart.o
                                0x8ea (size before relaxing)
 .debug_str     0x00001e04       0x13 src\main.o
                                0x6c3 (size before relaxing)
 .debug_str     0x00001e17       0x96 src\stm32f4xx_it.o
                                0x278 (size before relaxing)
 .debug_str     0x00001ead       0x8f src\system_stm32f4xx.o
                                0x41b (size before relaxing)

.comment        0x00000000       0x7c
 .comment       0x00000000       0x7c Libraries\STM32F4xx_StdPeriph_Driver\src\misc.o
                                 0x7d (size before relaxing)
 .comment       0x0000007c       0x7d Libraries\STM32F4xx_StdPeriph_Driver\src\stm32f4xx_gpio.o
 .comment       0x0000007c       0x7d Libraries\STM32F4xx_StdPeriph_Driver\src\stm32f4xx_rcc.o
 .comment       0x0000007c       0x7d Libraries\STM32F4xx_StdPeriph_Driver\src\stm32f4xx_usart.o
 .comment       0x0000007c       0x7d middle\button.o
 .comment       0x0000007c       0x7d middle\gsm_sim.o
 .comment       0x0000007c       0x7d middle\init.o
 .comment       0x0000007c       0x7d middle\led.o
 .comment       0x0000007c       0x7d middle\systick.o
 .comment       0x0000007c       0x7d middle\uart.o
 .comment       0x0000007c       0x7d src\main.o
 .comment       0x0000007c       0x7d src\stm32f4xx_it.o
 .comment       0x0000007c       0x7d src\system_stm32f4xx.o

.debug_frame    0x00000000     0x144c
 .debug_frame   0x00000000       0xd8 Libraries\STM32F4xx_StdPeriph_Driver\src\misc.o
 .debug_frame   0x000000d8      0x23c Libraries\STM32F4xx_StdPeriph_Driver\src\stm32f4xx_gpio.o
 .debug_frame   0x00000314      0x6fc Libraries\STM32F4xx_StdPeriph_Driver\src\stm32f4xx_rcc.o
 .debug_frame   0x00000a10      0x490 Libraries\STM32F4xx_StdPeriph_Driver\src\stm32f4xx_usart.o
 .debug_frame   0x00000ea0       0x6c middle\button.o
 .debug_frame   0x00000f0c      0x174 middle\gsm_sim.o
 .debug_frame   0x00001080       0x48 middle\init.o
 .debug_frame   0x000010c8       0x6c middle\led.o
 .debug_frame   0x00001134       0xb8 middle\systick.o
 .debug_frame   0x000011ec       0x7c middle\uart.o
 .debug_frame   0x00001268       0x2c src\main.o
 .debug_frame   0x00001294       0xf0 src\stm32f4xx_it.o
 .debug_frame   0x00001384       0x7c src\system_stm32f4xx.o
 .debug_frame   0x00001400       0x2c c:/program files (x86)/atollic/truestudio for stm32 9.3.0/armtools/bin/../lib/gcc/arm-atollic-eabi/6.3.1/../../../../arm-atollic-eabi/lib/armv7e-m/fpu\libc.a(lib_a-init.o)
 .debug_frame   0x0000142c       0x20 c:/program files (x86)/atollic/truestudio for stm32 9.3.0/armtools/bin/../lib/gcc/arm-atollic-eabi/6.3.1/../../../../arm-atollic-eabi/lib/armv7e-m/fpu\libc.a(lib_a-memset.o)

.stabstr        0x00000000       0x3f
 .stabstr       0x00000000       0x3f c:/program files (x86)/atollic/truestudio for stm32 9.3.0/armtools/bin/../lib/gcc/arm-atollic-eabi/6.3.1/../../../../arm-atollic-eabi/lib/armv7e-m/fpu\libnosys.a(write.o)

Cross Reference Table

Symbol                                            File
ADC_AnalogWatchdogCmd                             Libraries\STM32F4xx_StdPeriph_Driver\src\stm32f4xx_adc.o
ADC_AnalogWatchdogSingleChannelConfig             Libraries\STM32F4xx_StdPeriph_Driver\src\stm32f4xx_adc.o
ADC_AnalogWatchdogThresholdsConfig                Libraries\STM32F4xx_StdPeriph_Driver\src\stm32f4xx_adc.o
ADC_AutoInjectedConvCmd                           Libraries\STM32F4xx_StdPeriph_Driver\src\stm32f4xx_adc.o
ADC_ClearFlag                                     Libraries\STM32F4xx_StdPeriph_Driver\src\stm32f4xx_adc.o
ADC_ClearITPendingBit                             Libraries\STM32F4xx_StdPeriph_Driver\src\stm32f4xx_adc.o
ADC_Cmd                                           Libraries\STM32F4xx_StdPeriph_Driver\src\stm32f4xx_adc.o
ADC_CommonInit                                    Libraries\STM32F4xx_StdPeriph_Driver\src\stm32f4xx_adc.o
ADC_CommonStructInit                              Libraries\STM32F4xx_StdPeriph_Driver\src\stm32f4xx_adc.o
ADC_ContinuousModeCmd                             Libraries\STM32F4xx_StdPeriph_Driver\src\stm32f4xx_adc.o
ADC_DMACmd                                        Libraries\STM32F4xx_StdPeriph_Driver\src\stm32f4xx_adc.o
ADC_DMARequestAfterLastTransferCmd                Libraries\STM32F4xx_StdPeriph_Driver\src\stm32f4xx_adc.o
ADC_DeInit                                        Libraries\STM32F4xx_StdPeriph_Driver\src\stm32f4xx_adc.o
ADC_DiscModeChannelCountConfig                    Libraries\STM32F4xx_StdPeriph_Driver\src\stm32f4xx_adc.o
ADC_DiscModeCmd                                   Libraries\STM32F4xx_StdPeriph_Driver\src\stm32f4xx_adc.o
ADC_EOCOnEachRegularChannelCmd                    Libraries\STM32F4xx_StdPeriph_Driver\src\stm32f4xx_adc.o
ADC_ExternalTrigInjectedConvConfig                Libraries\STM32F4xx_StdPeriph_Driver\src\stm32f4xx_adc.o
ADC_ExternalTrigInjectedConvEdgeConfig            Libraries\STM32F4xx_StdPeriph_Driver\src\stm32f4xx_adc.o
ADC_GetConversionValue                            Libraries\STM32F4xx_StdPeriph_Driver\src\stm32f4xx_adc.o
ADC_GetFlagStatus                                 Libraries\STM32F4xx_StdPeriph_Driver\src\stm32f4xx_adc.o
ADC_GetITStatus                                   Libraries\STM32F4xx_StdPeriph_Driver\src\stm32f4xx_adc.o
ADC_GetInjectedConversionValue                    Libraries\STM32F4xx_StdPeriph_Driver\src\stm32f4xx_adc.o
ADC_GetMultiModeConversionValue                   Libraries\STM32F4xx_StdPeriph_Driver\src\stm32f4xx_adc.o
ADC_GetSoftwareStartConvStatus                    Libraries\STM32F4xx_StdPeriph_Driver\src\stm32f4xx_adc.o
ADC_GetSoftwareStartInjectedConvCmdStatus         Libraries\STM32F4xx_StdPeriph_Driver\src\stm32f4xx_adc.o
ADC_IRQHandler                                    src\startup_stm32f40xx.o
ADC_ITConfig                                      Libraries\STM32F4xx_StdPeriph_Driver\src\stm32f4xx_adc.o
ADC_Init                                          Libraries\STM32F4xx_StdPeriph_Driver\src\stm32f4xx_adc.o
ADC_InjectedChannelConfig                         Libraries\STM32F4xx_StdPeriph_Driver\src\stm32f4xx_adc.o
ADC_InjectedDiscModeCmd                           Libraries\STM32F4xx_StdPeriph_Driver\src\stm32f4xx_adc.o
ADC_InjectedSequencerLengthConfig                 Libraries\STM32F4xx_StdPeriph_Driver\src\stm32f4xx_adc.o
ADC_MultiModeDMARequestAfterLastTransferCmd       Libraries\STM32F4xx_StdPeriph_Driver\src\stm32f4xx_adc.o
ADC_RegularChannelConfig                          Libraries\STM32F4xx_StdPeriph_Driver\src\stm32f4xx_adc.o
ADC_SetInjectedOffset                             Libraries\STM32F4xx_StdPeriph_Driver\src\stm32f4xx_adc.o
ADC_SoftwareStartConv                             Libraries\STM32F4xx_StdPeriph_Driver\src\stm32f4xx_adc.o
ADC_SoftwareStartInjectedConv                     Libraries\STM32F4xx_StdPeriph_Driver\src\stm32f4xx_adc.o
ADC_StructInit                                    Libraries\STM32F4xx_StdPeriph_Driver\src\stm32f4xx_adc.o
ADC_TempSensorVrefintCmd                          Libraries\STM32F4xx_StdPeriph_Driver\src\stm32f4xx_adc.o
ADC_VBATCmd                                       Libraries\STM32F4xx_StdPeriph_Driver\src\stm32f4xx_adc.o
AHBPrescTable                                     src\system_stm32f4xx.o
BusFault_Handler                                  src\stm32f4xx_it.o
                                                  src\startup_stm32f40xx.o
CAN1_RX0_IRQHandler                               src\startup_stm32f40xx.o
CAN1_RX1_IRQHandler                               src\startup_stm32f40xx.o
CAN1_SCE_IRQHandler                               src\startup_stm32f40xx.o
CAN1_TX_IRQHandler                                src\startup_stm32f40xx.o
CAN2_RX0_IRQHandler                               src\startup_stm32f40xx.o
CAN2_RX1_IRQHandler                               src\startup_stm32f40xx.o
CAN2_SCE_IRQHandler                               src\startup_stm32f40xx.o
CAN2_TX_IRQHandler                                src\startup_stm32f40xx.o
CAN_CancelTransmit                                Libraries\STM32F4xx_StdPeriph_Driver\src\stm32f4xx_can.o
CAN_ClearFlag                                     Libraries\STM32F4xx_StdPeriph_Driver\src\stm32f4xx_can.o
CAN_ClearITPendingBit                             Libraries\STM32F4xx_StdPeriph_Driver\src\stm32f4xx_can.o
CAN_DBGFreeze                                     Libraries\STM32F4xx_StdPeriph_Driver\src\stm32f4xx_can.o
CAN_DeInit                                        Libraries\STM32F4xx_StdPeriph_Driver\src\stm32f4xx_can.o
CAN_FIFORelease                                   Libraries\STM32F4xx_StdPeriph_Driver\src\stm32f4xx_can.o
CAN_FilterInit                                    Libraries\STM32F4xx_StdPeriph_Driver\src\stm32f4xx_can.o
CAN_GetFlagStatus                                 Libraries\STM32F4xx_StdPeriph_Driver\src\stm32f4xx_can.o
CAN_GetITStatus                                   Libraries\STM32F4xx_StdPeriph_Driver\src\stm32f4xx_can.o
CAN_GetLSBTransmitErrorCounter                    Libraries\STM32F4xx_StdPeriph_Driver\src\stm32f4xx_can.o
CAN_GetLastErrorCode                              Libraries\STM32F4xx_StdPeriph_Driver\src\stm32f4xx_can.o
CAN_GetReceiveErrorCounter                        Libraries\STM32F4xx_StdPeriph_Driver\src\stm32f4xx_can.o
CAN_ITConfig                                      Libraries\STM32F4xx_StdPeriph_Driver\src\stm32f4xx_can.o
CAN_Init                                          Libraries\STM32F4xx_StdPeriph_Driver\src\stm32f4xx_can.o
CAN_MessagePending                                Libraries\STM32F4xx_StdPeriph_Driver\src\stm32f4xx_can.o
CAN_OperatingModeRequest                          Libraries\STM32F4xx_StdPeriph_Driver\src\stm32f4xx_can.o
CAN_Receive                                       Libraries\STM32F4xx_StdPeriph_Driver\src\stm32f4xx_can.o
CAN_SlaveStartBank                                Libraries\STM32F4xx_StdPeriph_Driver\src\stm32f4xx_can.o
CAN_Sleep                                         Libraries\STM32F4xx_StdPeriph_Driver\src\stm32f4xx_can.o
CAN_StructInit                                    Libraries\STM32F4xx_StdPeriph_Driver\src\stm32f4xx_can.o
CAN_TTComModeCmd                                  Libraries\STM32F4xx_StdPeriph_Driver\src\stm32f4xx_can.o
CAN_Transmit                                      Libraries\STM32F4xx_StdPeriph_Driver\src\stm32f4xx_can.o
CAN_TransmitStatus                                Libraries\STM32F4xx_StdPeriph_Driver\src\stm32f4xx_can.o
CAN_WakeUp                                        Libraries\STM32F4xx_StdPeriph_Driver\src\stm32f4xx_can.o
CRC_CalcBlockCRC                                  Libraries\STM32F4xx_StdPeriph_Driver\src\stm32f4xx_crc.o
CRC_CalcCRC                                       Libraries\STM32F4xx_StdPeriph_Driver\src\stm32f4xx_crc.o
CRC_GetCRC                                        Libraries\STM32F4xx_StdPeriph_Driver\src\stm32f4xx_crc.o
CRC_GetIDRegister                                 Libraries\STM32F4xx_StdPeriph_Driver\src\stm32f4xx_crc.o
CRC_ResetDR                                       Libraries\STM32F4xx_StdPeriph_Driver\src\stm32f4xx_crc.o
CRC_SetIDRegister                                 Libraries\STM32F4xx_StdPeriph_Driver\src\stm32f4xx_crc.o
CRYP_AES_CBC                                      Libraries\STM32F4xx_StdPeriph_Driver\src\stm32f4xx_cryp_aes.o
CRYP_AES_CCM                                      Libraries\STM32F4xx_StdPeriph_Driver\src\stm32f4xx_cryp_aes.o
CRYP_AES_CTR                                      Libraries\STM32F4xx_StdPeriph_Driver\src\stm32f4xx_cryp_aes.o
CRYP_AES_ECB                                      Libraries\STM32F4xx_StdPeriph_Driver\src\stm32f4xx_cryp_aes.o
CRYP_AES_GCM                                      Libraries\STM32F4xx_StdPeriph_Driver\src\stm32f4xx_cryp_aes.o
CRYP_Cmd                                          Libraries\STM32F4xx_StdPeriph_Driver\src\stm32f4xx_cryp.o
                                                  Libraries\STM32F4xx_StdPeriph_Driver\src\stm32f4xx_cryp_tdes.o
                                                  Libraries\STM32F4xx_StdPeriph_Driver\src\stm32f4xx_cryp_des.o
                                                  Libraries\STM32F4xx_StdPeriph_Driver\src\stm32f4xx_cryp_aes.o
CRYP_DES_CBC                                      Libraries\STM32F4xx_StdPeriph_Driver\src\stm32f4xx_cryp_des.o
CRYP_DES_ECB                                      Libraries\STM32F4xx_StdPeriph_Driver\src\stm32f4xx_cryp_des.o
CRYP_DMACmd                                       Libraries\STM32F4xx_StdPeriph_Driver\src\stm32f4xx_cryp.o
CRYP_DataIn                                       Libraries\STM32F4xx_StdPeriph_Driver\src\stm32f4xx_cryp.o
                                                  Libraries\STM32F4xx_StdPeriph_Driver\src\stm32f4xx_cryp_tdes.o
                                                  Libraries\STM32F4xx_StdPeriph_Driver\src\stm32f4xx_cryp_des.o
                                                  Libraries\STM32F4xx_StdPeriph_Driver\src\stm32f4xx_cryp_aes.o
CRYP_DataOut                                      Libraries\STM32F4xx_StdPeriph_Driver\src\stm32f4xx_cryp.o
                                                  Libraries\STM32F4xx_StdPeriph_Driver\src\stm32f4xx_cryp_tdes.o
                                                  Libraries\STM32F4xx_StdPeriph_Driver\src\stm32f4xx_cryp_des.o
                                                  Libraries\STM32F4xx_StdPeriph_Driver\src\stm32f4xx_cryp_aes.o
CRYP_DeInit                                       Libraries\STM32F4xx_StdPeriph_Driver\src\stm32f4xx_cryp.o
CRYP_FIFOFlush                                    Libraries\STM32F4xx_StdPeriph_Driver\src\stm32f4xx_cryp.o
                                                  Libraries\STM32F4xx_StdPeriph_Driver\src\stm32f4xx_cryp_tdes.o
                                                  Libraries\STM32F4xx_StdPeriph_Driver\src\stm32f4xx_cryp_des.o
                                                  Libraries\STM32F4xx_StdPeriph_Driver\src\stm32f4xx_cryp_aes.o
CRYP_GetCmdStatus                                 Libraries\STM32F4xx_StdPeriph_Driver\src\stm32f4xx_cryp.o
                                                  Libraries\STM32F4xx_StdPeriph_Driver\src\stm32f4xx_cryp_tdes.o
                                                  Libraries\STM32F4xx_StdPeriph_Driver\src\stm32f4xx_cryp_des.o
                                                  Libraries\STM32F4xx_StdPeriph_Driver\src\stm32f4xx_cryp_aes.o
CRYP_GetFlagStatus                                Libraries\STM32F4xx_StdPeriph_Driver\src\stm32f4xx_cryp.o
                                                  Libraries\STM32F4xx_StdPeriph_Driver\src\stm32f4xx_cryp_tdes.o
                                                  Libraries\STM32F4xx_StdPeriph_Driver\src\stm32f4xx_cryp_des.o
                                                  Libraries\STM32F4xx_StdPeriph_Driver\src\stm32f4xx_cryp_aes.o
CRYP_GetITStatus                                  Libraries\STM32F4xx_StdPeriph_Driver\src\stm32f4xx_cryp.o
CRYP_IRQHandler                                   src\startup_stm32f40xx.o
CRYP_ITConfig                                     Libraries\STM32F4xx_StdPeriph_Driver\src\stm32f4xx_cryp.o
CRYP_IVInit                                       Libraries\STM32F4xx_StdPeriph_Driver\src\stm32f4xx_cryp.o
                                                  Libraries\STM32F4xx_StdPeriph_Driver\src\stm32f4xx_cryp_tdes.o
                                                  Libraries\STM32F4xx_StdPeriph_Driver\src\stm32f4xx_cryp_des.o
                                                  Libraries\STM32F4xx_StdPeriph_Driver\src\stm32f4xx_cryp_aes.o
CRYP_IVStructInit                                 Libraries\STM32F4xx_StdPeriph_Driver\src\stm32f4xx_cryp.o
CRYP_Init                                         Libraries\STM32F4xx_StdPeriph_Driver\src\stm32f4xx_cryp.o
                                                  Libraries\STM32F4xx_StdPeriph_Driver\src\stm32f4xx_cryp_tdes.o
                                                  Libraries\STM32F4xx_StdPeriph_Driver\src\stm32f4xx_cryp_des.o
                                                  Libraries\STM32F4xx_StdPeriph_Driver\src\stm32f4xx_cryp_aes.o
CRYP_KeyInit                                      Libraries\STM32F4xx_StdPeriph_Driver\src\stm32f4xx_cryp.o
                                                  Libraries\STM32F4xx_StdPeriph_Driver\src\stm32f4xx_cryp_tdes.o
                                                  Libraries\STM32F4xx_StdPeriph_Driver\src\stm32f4xx_cryp_des.o
                                                  Libraries\STM32F4xx_StdPeriph_Driver\src\stm32f4xx_cryp_aes.o
CRYP_KeyStructInit                                Libraries\STM32F4xx_StdPeriph_Driver\src\stm32f4xx_cryp.o
                                                  Libraries\STM32F4xx_StdPeriph_Driver\src\stm32f4xx_cryp_tdes.o
                                                  Libraries\STM32F4xx_StdPeriph_Driver\src\stm32f4xx_cryp_des.o
                                                  Libraries\STM32F4xx_StdPeriph_Driver\src\stm32f4xx_cryp_aes.o
CRYP_PhaseConfig                                  Libraries\STM32F4xx_StdPeriph_Driver\src\stm32f4xx_cryp.o
                                                  Libraries\STM32F4xx_StdPeriph_Driver\src\stm32f4xx_cryp_aes.o
CRYP_RestoreContext                               Libraries\STM32F4xx_StdPeriph_Driver\src\stm32f4xx_cryp.o
CRYP_SaveContext                                  Libraries\STM32F4xx_StdPeriph_Driver\src\stm32f4xx_cryp.o
CRYP_StructInit                                   Libraries\STM32F4xx_StdPeriph_Driver\src\stm32f4xx_cryp.o
CRYP_TDES_CBC                                     Libraries\STM32F4xx_StdPeriph_Driver\src\stm32f4xx_cryp_tdes.o
CRYP_TDES_ECB                                     Libraries\STM32F4xx_StdPeriph_Driver\src\stm32f4xx_cryp_tdes.o
DAC_ClearFlag                                     Libraries\STM32F4xx_StdPeriph_Driver\src\stm32f4xx_dac.o
DAC_ClearITPendingBit                             Libraries\STM32F4xx_StdPeriph_Driver\src\stm32f4xx_dac.o
DAC_Cmd                                           Libraries\STM32F4xx_StdPeriph_Driver\src\stm32f4xx_dac.o
DAC_DMACmd                                        Libraries\STM32F4xx_StdPeriph_Driver\src\stm32f4xx_dac.o
DAC_DeInit                                        Libraries\STM32F4xx_StdPeriph_Driver\src\stm32f4xx_dac.o
DAC_DualSoftwareTriggerCmd                        Libraries\STM32F4xx_StdPeriph_Driver\src\stm32f4xx_dac.o
DAC_GetDataOutputValue                            Libraries\STM32F4xx_StdPeriph_Driver\src\stm32f4xx_dac.o
DAC_GetFlagStatus                                 Libraries\STM32F4xx_StdPeriph_Driver\src\stm32f4xx_dac.o
DAC_GetITStatus                                   Libraries\STM32F4xx_StdPeriph_Driver\src\stm32f4xx_dac.o
DAC_ITConfig                                      Libraries\STM32F4xx_StdPeriph_Driver\src\stm32f4xx_dac.o
DAC_Init                                          Libraries\STM32F4xx_StdPeriph_Driver\src\stm32f4xx_dac.o
DAC_SetChannel1Data                               Libraries\STM32F4xx_StdPeriph_Driver\src\stm32f4xx_dac.o
DAC_SetChannel2Data                               Libraries\STM32F4xx_StdPeriph_Driver\src\stm32f4xx_dac.o
DAC_SetDualChannelData                            Libraries\STM32F4xx_StdPeriph_Driver\src\stm32f4xx_dac.o
DAC_SoftwareTriggerCmd                            Libraries\STM32F4xx_StdPeriph_Driver\src\stm32f4xx_dac.o
DAC_StructInit                                    Libraries\STM32F4xx_StdPeriph_Driver\src\stm32f4xx_dac.o
DAC_WaveGenerationCmd                             Libraries\STM32F4xx_StdPeriph_Driver\src\stm32f4xx_dac.o
DBGMCU_APB1PeriphConfig                           Libraries\STM32F4xx_StdPeriph_Driver\src\stm32f4xx_dbgmcu.o
DBGMCU_APB2PeriphConfig                           Libraries\STM32F4xx_StdPeriph_Driver\src\stm32f4xx_dbgmcu.o
DBGMCU_Config                                     Libraries\STM32F4xx_StdPeriph_Driver\src\stm32f4xx_dbgmcu.o
DBGMCU_GetDEVID                                   Libraries\STM32F4xx_StdPeriph_Driver\src\stm32f4xx_dbgmcu.o
DBGMCU_GetREVID                                   Libraries\STM32F4xx_StdPeriph_Driver\src\stm32f4xx_dbgmcu.o
DCMI_CROPCmd                                      Libraries\STM32F4xx_StdPeriph_Driver\src\stm32f4xx_dcmi.o
DCMI_CROPConfig                                   Libraries\STM32F4xx_StdPeriph_Driver\src\stm32f4xx_dcmi.o
DCMI_CaptureCmd                                   Libraries\STM32F4xx_StdPeriph_Driver\src\stm32f4xx_dcmi.o
DCMI_ClearFlag                                    Libraries\STM32F4xx_StdPeriph_Driver\src\stm32f4xx_dcmi.o
DCMI_ClearITPendingBit                            Libraries\STM32F4xx_StdPeriph_Driver\src\stm32f4xx_dcmi.o
DCMI_Cmd                                          Libraries\STM32F4xx_StdPeriph_Driver\src\stm32f4xx_dcmi.o
DCMI_DeInit                                       Libraries\STM32F4xx_StdPeriph_Driver\src\stm32f4xx_dcmi.o
DCMI_GetFlagStatus                                Libraries\STM32F4xx_StdPeriph_Driver\src\stm32f4xx_dcmi.o
DCMI_GetITStatus                                  Libraries\STM32F4xx_StdPeriph_Driver\src\stm32f4xx_dcmi.o
DCMI_IRQHandler                                   src\startup_stm32f40xx.o
DCMI_ITConfig                                     Libraries\STM32F4xx_StdPeriph_Driver\src\stm32f4xx_dcmi.o
DCMI_Init                                         Libraries\STM32F4xx_StdPeriph_Driver\src\stm32f4xx_dcmi.o
DCMI_JPEGCmd                                      Libraries\STM32F4xx_StdPeriph_Driver\src\stm32f4xx_dcmi.o
DCMI_ReadData                                     Libraries\STM32F4xx_StdPeriph_Driver\src\stm32f4xx_dcmi.o
DCMI_SetEmbeddedSynchroCodes                      Libraries\STM32F4xx_StdPeriph_Driver\src\stm32f4xx_dcmi.o
DCMI_StructInit                                   Libraries\STM32F4xx_StdPeriph_Driver\src\stm32f4xx_dcmi.o
DMA1_Stream0_IRQHandler                           src\startup_stm32f40xx.o
DMA1_Stream1_IRQHandler                           src\startup_stm32f40xx.o
DMA1_Stream2_IRQHandler                           src\startup_stm32f40xx.o
DMA1_Stream3_IRQHandler                           src\startup_stm32f40xx.o
DMA1_Stream4_IRQHandler                           src\startup_stm32f40xx.o
DMA1_Stream5_IRQHandler                           src\startup_stm32f40xx.o
DMA1_Stream6_IRQHandler                           src\startup_stm32f40xx.o
DMA1_Stream7_IRQHandler                           src\startup_stm32f40xx.o
DMA2_Stream0_IRQHandler                           src\startup_stm32f40xx.o
DMA2_Stream1_IRQHandler                           src\startup_stm32f40xx.o
DMA2_Stream2_IRQHandler                           src\startup_stm32f40xx.o
DMA2_Stream3_IRQHandler                           src\startup_stm32f40xx.o
DMA2_Stream4_IRQHandler                           src\startup_stm32f40xx.o
DMA2_Stream5_IRQHandler                           src\startup_stm32f40xx.o
DMA2_Stream6_IRQHandler                           src\startup_stm32f40xx.o
DMA2_Stream7_IRQHandler                           src\startup_stm32f40xx.o
DMA_ClearFlag                                     Libraries\STM32F4xx_StdPeriph_Driver\src\stm32f4xx_dma.o
DMA_ClearITPendingBit                             Libraries\STM32F4xx_StdPeriph_Driver\src\stm32f4xx_dma.o
DMA_Cmd                                           Libraries\STM32F4xx_StdPeriph_Driver\src\stm32f4xx_dma.o
DMA_DeInit                                        Libraries\STM32F4xx_StdPeriph_Driver\src\stm32f4xx_dma.o
DMA_DoubleBufferModeCmd                           Libraries\STM32F4xx_StdPeriph_Driver\src\stm32f4xx_dma.o
DMA_DoubleBufferModeConfig                        Libraries\STM32F4xx_StdPeriph_Driver\src\stm32f4xx_dma.o
DMA_FlowControllerConfig                          Libraries\STM32F4xx_StdPeriph_Driver\src\stm32f4xx_dma.o
DMA_GetCmdStatus                                  Libraries\STM32F4xx_StdPeriph_Driver\src\stm32f4xx_dma.o
DMA_GetCurrDataCounter                            Libraries\STM32F4xx_StdPeriph_Driver\src\stm32f4xx_dma.o
DMA_GetCurrentMemoryTarget                        Libraries\STM32F4xx_StdPeriph_Driver\src\stm32f4xx_dma.o
DMA_GetFIFOStatus                                 Libraries\STM32F4xx_StdPeriph_Driver\src\stm32f4xx_dma.o
DMA_GetFlagStatus                                 Libraries\STM32F4xx_StdPeriph_Driver\src\stm32f4xx_dma.o
DMA_GetITStatus                                   Libraries\STM32F4xx_StdPeriph_Driver\src\stm32f4xx_dma.o
DMA_ITConfig                                      Libraries\STM32F4xx_StdPeriph_Driver\src\stm32f4xx_dma.o
DMA_Init                                          Libraries\STM32F4xx_StdPeriph_Driver\src\stm32f4xx_dma.o
DMA_MemoryTargetConfig                            Libraries\STM32F4xx_StdPeriph_Driver\src\stm32f4xx_dma.o
DMA_PeriphIncOffsetSizeConfig                     Libraries\STM32F4xx_StdPeriph_Driver\src\stm32f4xx_dma.o
DMA_SetCurrDataCounter                            Libraries\STM32F4xx_StdPeriph_Driver\src\stm32f4xx_dma.o
DMA_StructInit                                    Libraries\STM32F4xx_StdPeriph_Driver\src\stm32f4xx_dma.o
DebugMon_Handler                                  src\stm32f4xx_it.o
                                                  src\startup_stm32f40xx.o
Default_Handler                                   src\startup_stm32f40xx.o
ETH_IRQHandler                                    src\startup_stm32f40xx.o
ETH_WKUP_IRQHandler                               src\startup_stm32f40xx.o
EXTI0_IRQHandler                                  src\startup_stm32f40xx.o
EXTI15_10_IRQHandler                              src\startup_stm32f40xx.o
EXTI1_IRQHandler                                  src\startup_stm32f40xx.o
EXTI2_IRQHandler                                  src\startup_stm32f40xx.o
EXTI3_IRQHandler                                  src\startup_stm32f40xx.o
EXTI4_IRQHandler                                  src\startup_stm32f40xx.o
EXTI9_5_IRQHandler                                src\startup_stm32f40xx.o
EXTI_ClearFlag                                    Libraries\STM32F4xx_StdPeriph_Driver\src\stm32f4xx_exti.o
EXTI_ClearITPendingBit                            Libraries\STM32F4xx_StdPeriph_Driver\src\stm32f4xx_exti.o
EXTI_DeInit                                       Libraries\STM32F4xx_StdPeriph_Driver\src\stm32f4xx_exti.o
EXTI_GenerateSWInterrupt                          Libraries\STM32F4xx_StdPeriph_Driver\src\stm32f4xx_exti.o
EXTI_GetFlagStatus                                Libraries\STM32F4xx_StdPeriph_Driver\src\stm32f4xx_exti.o
EXTI_GetITStatus                                  Libraries\STM32F4xx_StdPeriph_Driver\src\stm32f4xx_exti.o
EXTI_Init                                         Libraries\STM32F4xx_StdPeriph_Driver\src\stm32f4xx_exti.o
EXTI_StructInit                                   Libraries\STM32F4xx_StdPeriph_Driver\src\stm32f4xx_exti.o
FLASH_ClearFlag                                   Libraries\STM32F4xx_StdPeriph_Driver\src\stm32f4xx_flash.o
FLASH_DataCacheCmd                                Libraries\STM32F4xx_StdPeriph_Driver\src\stm32f4xx_flash.o
FLASH_DataCacheReset                              Libraries\STM32F4xx_StdPeriph_Driver\src\stm32f4xx_flash.o
FLASH_EraseAllSectors                             Libraries\STM32F4xx_StdPeriph_Driver\src\stm32f4xx_flash.o
FLASH_EraseSector                                 Libraries\STM32F4xx_StdPeriph_Driver\src\stm32f4xx_flash.o
FLASH_GetFlagStatus                               Libraries\STM32F4xx_StdPeriph_Driver\src\stm32f4xx_flash.o
FLASH_GetStatus                                   Libraries\STM32F4xx_StdPeriph_Driver\src\stm32f4xx_flash.o
FLASH_IRQHandler                                  src\startup_stm32f40xx.o
FLASH_ITConfig                                    Libraries\STM32F4xx_StdPeriph_Driver\src\stm32f4xx_flash.o
FLASH_InstructionCacheCmd                         Libraries\STM32F4xx_StdPeriph_Driver\src\stm32f4xx_flash.o
FLASH_InstructionCacheReset                       Libraries\STM32F4xx_StdPeriph_Driver\src\stm32f4xx_flash.o
FLASH_Lock                                        Libraries\STM32F4xx_StdPeriph_Driver\src\stm32f4xx_flash.o
FLASH_OB_BORConfig                                Libraries\STM32F4xx_StdPeriph_Driver\src\stm32f4xx_flash.o
FLASH_OB_GetBOR                                   Libraries\STM32F4xx_StdPeriph_Driver\src\stm32f4xx_flash.o
FLASH_OB_GetRDP                                   Libraries\STM32F4xx_StdPeriph_Driver\src\stm32f4xx_flash.o
FLASH_OB_GetUser                                  Libraries\STM32F4xx_StdPeriph_Driver\src\stm32f4xx_flash.o
FLASH_OB_GetWRP                                   Libraries\STM32F4xx_StdPeriph_Driver\src\stm32f4xx_flash.o
FLASH_OB_GetWRP1                                  Libraries\STM32F4xx_StdPeriph_Driver\src\stm32f4xx_flash.o
FLASH_OB_Launch                                   Libraries\STM32F4xx_StdPeriph_Driver\src\stm32f4xx_flash.o
FLASH_OB_Lock                                     Libraries\STM32F4xx_StdPeriph_Driver\src\stm32f4xx_flash.o
FLASH_OB_RDPConfig                                Libraries\STM32F4xx_StdPeriph_Driver\src\stm32f4xx_flash.o
FLASH_OB_Unlock                                   Libraries\STM32F4xx_StdPeriph_Driver\src\stm32f4xx_flash.o
FLASH_OB_UserConfig                               Libraries\STM32F4xx_StdPeriph_Driver\src\stm32f4xx_flash.o
FLASH_OB_WRP1Config                               Libraries\STM32F4xx_StdPeriph_Driver\src\stm32f4xx_flash.o
FLASH_OB_WRPConfig                                Libraries\STM32F4xx_StdPeriph_Driver\src\stm32f4xx_flash.o
FLASH_PrefetchBufferCmd                           Libraries\STM32F4xx_StdPeriph_Driver\src\stm32f4xx_flash.o
FLASH_ProgramByte                                 Libraries\STM32F4xx_StdPeriph_Driver\src\stm32f4xx_flash.o
FLASH_ProgramDoubleWord                           Libraries\STM32F4xx_StdPeriph_Driver\src\stm32f4xx_flash.o
FLASH_ProgramHalfWord                             Libraries\STM32F4xx_StdPeriph_Driver\src\stm32f4xx_flash.o
FLASH_ProgramWord                                 Libraries\STM32F4xx_StdPeriph_Driver\src\stm32f4xx_flash.o
FLASH_SetLatency                                  Libraries\STM32F4xx_StdPeriph_Driver\src\stm32f4xx_flash.o
FLASH_Unlock                                      Libraries\STM32F4xx_StdPeriph_Driver\src\stm32f4xx_flash.o
FLASH_WaitForLastOperation                        Libraries\STM32F4xx_StdPeriph_Driver\src\stm32f4xx_flash.o
FPU_IRQHandler                                    src\startup_stm32f40xx.o
FSMC_ClearFlag                                    Libraries\STM32F4xx_StdPeriph_Driver\src\stm32f4xx_fsmc.o
FSMC_ClearITPendingBit                            Libraries\STM32F4xx_StdPeriph_Driver\src\stm32f4xx_fsmc.o
FSMC_GetECC                                       Libraries\STM32F4xx_StdPeriph_Driver\src\stm32f4xx_fsmc.o
FSMC_GetFlagStatus                                Libraries\STM32F4xx_StdPeriph_Driver\src\stm32f4xx_fsmc.o
FSMC_GetITStatus                                  Libraries\STM32F4xx_StdPeriph_Driver\src\stm32f4xx_fsmc.o
FSMC_IRQHandler                                   src\startup_stm32f40xx.o
FSMC_ITConfig                                     Libraries\STM32F4xx_StdPeriph_Driver\src\stm32f4xx_fsmc.o
FSMC_NANDCmd                                      Libraries\STM32F4xx_StdPeriph_Driver\src\stm32f4xx_fsmc.o
FSMC_NANDDeInit                                   Libraries\STM32F4xx_StdPeriph_Driver\src\stm32f4xx_fsmc.o
FSMC_NANDECCCmd                                   Libraries\STM32F4xx_StdPeriph_Driver\src\stm32f4xx_fsmc.o
FSMC_NANDInit                                     Libraries\STM32F4xx_StdPeriph_Driver\src\stm32f4xx_fsmc.o
FSMC_NANDStructInit                               Libraries\STM32F4xx_StdPeriph_Driver\src\stm32f4xx_fsmc.o
FSMC_NORSRAMCmd                                   Libraries\STM32F4xx_StdPeriph_Driver\src\stm32f4xx_fsmc.o
FSMC_NORSRAMDeInit                                Libraries\STM32F4xx_StdPeriph_Driver\src\stm32f4xx_fsmc.o
FSMC_NORSRAMInit                                  Libraries\STM32F4xx_StdPeriph_Driver\src\stm32f4xx_fsmc.o
FSMC_NORSRAMStructInit                            Libraries\STM32F4xx_StdPeriph_Driver\src\stm32f4xx_fsmc.o
FSMC_PCCARDCmd                                    Libraries\STM32F4xx_StdPeriph_Driver\src\stm32f4xx_fsmc.o
FSMC_PCCARDDeInit                                 Libraries\STM32F4xx_StdPeriph_Driver\src\stm32f4xx_fsmc.o
FSMC_PCCARDInit                                   Libraries\STM32F4xx_StdPeriph_Driver\src\stm32f4xx_fsmc.o
FSMC_PCCARDStructInit                             Libraries\STM32F4xx_StdPeriph_Driver\src\stm32f4xx_fsmc.o
GPIO_DeInit                                       Libraries\STM32F4xx_StdPeriph_Driver\src\stm32f4xx_gpio.o
GPIO_Init                                         Libraries\STM32F4xx_StdPeriph_Driver\src\stm32f4xx_gpio.o
                                                  middle\uart.o
                                                  middle\led.o
                                                  middle\gsm_sim.o
                                                  middle\button.o
GPIO_PinAFConfig                                  Libraries\STM32F4xx_StdPeriph_Driver\src\stm32f4xx_gpio.o
                                                  middle\uart.o
                                                  middle\gsm_sim.o
GPIO_PinLockConfig                                Libraries\STM32F4xx_StdPeriph_Driver\src\stm32f4xx_gpio.o
GPIO_ReadInputData                                Libraries\STM32F4xx_StdPeriph_Driver\src\stm32f4xx_gpio.o
GPIO_ReadInputDataBit                             Libraries\STM32F4xx_StdPeriph_Driver\src\stm32f4xx_gpio.o
                                                  middle\gsm_sim.o
                                                  middle\button.o
GPIO_ReadOutputData                               Libraries\STM32F4xx_StdPeriph_Driver\src\stm32f4xx_gpio.o
GPIO_ReadOutputDataBit                            Libraries\STM32F4xx_StdPeriph_Driver\src\stm32f4xx_gpio.o
GPIO_ResetBits                                    Libraries\STM32F4xx_StdPeriph_Driver\src\stm32f4xx_gpio.o
                                                  middle\led.o
                                                  middle\gsm_sim.o
GPIO_SetBits                                      Libraries\STM32F4xx_StdPeriph_Driver\src\stm32f4xx_gpio.o
                                                  middle\led.o
                                                  middle\gsm_sim.o
GPIO_StructInit                                   Libraries\STM32F4xx_StdPeriph_Driver\src\stm32f4xx_gpio.o
                                                  middle\led.o
GPIO_ToggleBits                                   Libraries\STM32F4xx_StdPeriph_Driver\src\stm32f4xx_gpio.o
GPIO_Write                                        Libraries\STM32F4xx_StdPeriph_Driver\src\stm32f4xx_gpio.o
GPIO_WriteBit                                     Libraries\STM32F4xx_StdPeriph_Driver\src\stm32f4xx_gpio.o
HASH_AutoStartDigest                              Libraries\STM32F4xx_StdPeriph_Driver\src\stm32f4xx_hash.o
HASH_ClearFlag                                    Libraries\STM32F4xx_StdPeriph_Driver\src\stm32f4xx_hash.o
HASH_ClearITPendingBit                            Libraries\STM32F4xx_StdPeriph_Driver\src\stm32f4xx_hash.o
HASH_DMACmd                                       Libraries\STM32F4xx_StdPeriph_Driver\src\stm32f4xx_hash.o
HASH_DataIn                                       Libraries\STM32F4xx_StdPeriph_Driver\src\stm32f4xx_hash.o
                                                  Libraries\STM32F4xx_StdPeriph_Driver\src\stm32f4xx_hash_sha1.o
                                                  Libraries\STM32F4xx_StdPeriph_Driver\src\stm32f4xx_hash_md5.o
HASH_DeInit                                       Libraries\STM32F4xx_StdPeriph_Driver\src\stm32f4xx_hash.o
                                                  Libraries\STM32F4xx_StdPeriph_Driver\src\stm32f4xx_hash_sha1.o
                                                  Libraries\STM32F4xx_StdPeriph_Driver\src\stm32f4xx_hash_md5.o
HASH_GetDigest                                    Libraries\STM32F4xx_StdPeriph_Driver\src\stm32f4xx_hash.o
                                                  Libraries\STM32F4xx_StdPeriph_Driver\src\stm32f4xx_hash_sha1.o
                                                  Libraries\STM32F4xx_StdPeriph_Driver\src\stm32f4xx_hash_md5.o
HASH_GetFlagStatus                                Libraries\STM32F4xx_StdPeriph_Driver\src\stm32f4xx_hash.o
                                                  Libraries\STM32F4xx_StdPeriph_Driver\src\stm32f4xx_hash_sha1.o
                                                  Libraries\STM32F4xx_StdPeriph_Driver\src\stm32f4xx_hash_md5.o
HASH_GetITStatus                                  Libraries\STM32F4xx_StdPeriph_Driver\src\stm32f4xx_hash.o
HASH_GetInFIFOWordsNbr                            Libraries\STM32F4xx_StdPeriph_Driver\src\stm32f4xx_hash.o
HASH_ITConfig                                     Libraries\STM32F4xx_StdPeriph_Driver\src\stm32f4xx_hash.o
HASH_Init                                         Libraries\STM32F4xx_StdPeriph_Driver\src\stm32f4xx_hash.o
                                                  Libraries\STM32F4xx_StdPeriph_Driver\src\stm32f4xx_hash_sha1.o
                                                  Libraries\STM32F4xx_StdPeriph_Driver\src\stm32f4xx_hash_md5.o
HASH_MD5                                          Libraries\STM32F4xx_StdPeriph_Driver\src\stm32f4xx_hash_md5.o
HASH_RNG_IRQHandler                               src\startup_stm32f40xx.o
HASH_Reset                                        Libraries\STM32F4xx_StdPeriph_Driver\src\stm32f4xx_hash.o
HASH_RestoreContext                               Libraries\STM32F4xx_StdPeriph_Driver\src\stm32f4xx_hash.o
HASH_SHA1                                         Libraries\STM32F4xx_StdPeriph_Driver\src\stm32f4xx_hash_sha1.o
HASH_SaveContext                                  Libraries\STM32F4xx_StdPeriph_Driver\src\stm32f4xx_hash.o
HASH_SetLastWordValidBitsNbr                      Libraries\STM32F4xx_StdPeriph_Driver\src\stm32f4xx_hash.o
                                                  Libraries\STM32F4xx_StdPeriph_Driver\src\stm32f4xx_hash_sha1.o
                                                  Libraries\STM32F4xx_StdPeriph_Driver\src\stm32f4xx_hash_md5.o
HASH_StartDigest                                  Libraries\STM32F4xx_StdPeriph_Driver\src\stm32f4xx_hash.o
                                                  Libraries\STM32F4xx_StdPeriph_Driver\src\stm32f4xx_hash_sha1.o
                                                  Libraries\STM32F4xx_StdPeriph_Driver\src\stm32f4xx_hash_md5.o
HASH_StructInit                                   Libraries\STM32F4xx_StdPeriph_Driver\src\stm32f4xx_hash.o
HMAC_MD5                                          Libraries\STM32F4xx_StdPeriph_Driver\src\stm32f4xx_hash_md5.o
HMAC_SHA1                                         Libraries\STM32F4xx_StdPeriph_Driver\src\stm32f4xx_hash_sha1.o
HardFault_Handler                                 src\stm32f4xx_it.o
                                                  src\startup_stm32f40xx.o
I2C1_ER_IRQHandler                                src\startup_stm32f40xx.o
I2C1_EV_IRQHandler                                src\startup_stm32f40xx.o
I2C2_ER_IRQHandler                                src\startup_stm32f40xx.o
I2C2_EV_IRQHandler                                src\startup_stm32f40xx.o
I2C3_ER_IRQHandler                                src\startup_stm32f40xx.o
I2C3_EV_IRQHandler                                src\startup_stm32f40xx.o
I2C_ARPCmd                                        Libraries\STM32F4xx_StdPeriph_Driver\src\stm32f4xx_i2c.o
I2C_AcknowledgeConfig                             Libraries\STM32F4xx_StdPeriph_Driver\src\stm32f4xx_i2c.o
I2C_AnalogFilterCmd                               Libraries\STM32F4xx_StdPeriph_Driver\src\stm32f4xx_i2c.o
I2C_CalculatePEC                                  Libraries\STM32F4xx_StdPeriph_Driver\src\stm32f4xx_i2c.o
I2C_CheckEvent                                    Libraries\STM32F4xx_StdPeriph_Driver\src\stm32f4xx_i2c.o
I2C_ClearFlag                                     Libraries\STM32F4xx_StdPeriph_Driver\src\stm32f4xx_i2c.o
I2C_ClearITPendingBit                             Libraries\STM32F4xx_StdPeriph_Driver\src\stm32f4xx_i2c.o
I2C_Cmd                                           Libraries\STM32F4xx_StdPeriph_Driver\src\stm32f4xx_i2c.o
I2C_DMACmd                                        Libraries\STM32F4xx_StdPeriph_Driver\src\stm32f4xx_i2c.o
I2C_DMALastTransferCmd                            Libraries\STM32F4xx_StdPeriph_Driver\src\stm32f4xx_i2c.o
I2C_DeInit                                        Libraries\STM32F4xx_StdPeriph_Driver\src\stm32f4xx_i2c.o
I2C_DigitalFilterConfig                           Libraries\STM32F4xx_StdPeriph_Driver\src\stm32f4xx_i2c.o
I2C_DualAddressCmd                                Libraries\STM32F4xx_StdPeriph_Driver\src\stm32f4xx_i2c.o
I2C_FastModeDutyCycleConfig                       Libraries\STM32F4xx_StdPeriph_Driver\src\stm32f4xx_i2c.o
I2C_GeneralCallCmd                                Libraries\STM32F4xx_StdPeriph_Driver\src\stm32f4xx_i2c.o
I2C_GenerateSTART                                 Libraries\STM32F4xx_StdPeriph_Driver\src\stm32f4xx_i2c.o
I2C_GenerateSTOP                                  Libraries\STM32F4xx_StdPeriph_Driver\src\stm32f4xx_i2c.o
I2C_GetFlagStatus                                 Libraries\STM32F4xx_StdPeriph_Driver\src\stm32f4xx_i2c.o
I2C_GetITStatus                                   Libraries\STM32F4xx_StdPeriph_Driver\src\stm32f4xx_i2c.o
I2C_GetLastEvent                                  Libraries\STM32F4xx_StdPeriph_Driver\src\stm32f4xx_i2c.o
I2C_GetPEC                                        Libraries\STM32F4xx_StdPeriph_Driver\src\stm32f4xx_i2c.o
I2C_ITConfig                                      Libraries\STM32F4xx_StdPeriph_Driver\src\stm32f4xx_i2c.o
I2C_Init                                          Libraries\STM32F4xx_StdPeriph_Driver\src\stm32f4xx_i2c.o
I2C_NACKPositionConfig                            Libraries\STM32F4xx_StdPeriph_Driver\src\stm32f4xx_i2c.o
I2C_OwnAddress2Config                             Libraries\STM32F4xx_StdPeriph_Driver\src\stm32f4xx_i2c.o
I2C_PECPositionConfig                             Libraries\STM32F4xx_StdPeriph_Driver\src\stm32f4xx_i2c.o
I2C_ReadRegister                                  Libraries\STM32F4xx_StdPeriph_Driver\src\stm32f4xx_i2c.o
I2C_ReceiveData                                   Libraries\STM32F4xx_StdPeriph_Driver\src\stm32f4xx_i2c.o
I2C_SMBusAlertConfig                              Libraries\STM32F4xx_StdPeriph_Driver\src\stm32f4xx_i2c.o
I2C_Send7bitAddress                               Libraries\STM32F4xx_StdPeriph_Driver\src\stm32f4xx_i2c.o
I2C_SendData                                      Libraries\STM32F4xx_StdPeriph_Driver\src\stm32f4xx_i2c.o
I2C_SoftwareResetCmd                              Libraries\STM32F4xx_StdPeriph_Driver\src\stm32f4xx_i2c.o
I2C_StretchClockCmd                               Libraries\STM32F4xx_StdPeriph_Driver\src\stm32f4xx_i2c.o
I2C_StructInit                                    Libraries\STM32F4xx_StdPeriph_Driver\src\stm32f4xx_i2c.o
I2C_TransmitPEC                                   Libraries\STM32F4xx_StdPeriph_Driver\src\stm32f4xx_i2c.o
I2S_Cmd                                           Libraries\STM32F4xx_StdPeriph_Driver\src\stm32f4xx_spi.o
I2S_FullDuplexConfig                              Libraries\STM32F4xx_StdPeriph_Driver\src\stm32f4xx_spi.o
I2S_Init                                          Libraries\STM32F4xx_StdPeriph_Driver\src\stm32f4xx_spi.o
I2S_StructInit                                    Libraries\STM32F4xx_StdPeriph_Driver\src\stm32f4xx_spi.o
IWDG_Enable                                       Libraries\STM32F4xx_StdPeriph_Driver\src\stm32f4xx_iwdg.o
IWDG_GetFlagStatus                                Libraries\STM32F4xx_StdPeriph_Driver\src\stm32f4xx_iwdg.o
IWDG_ReloadCounter                                Libraries\STM32F4xx_StdPeriph_Driver\src\stm32f4xx_iwdg.o
IWDG_SetPrescaler                                 Libraries\STM32F4xx_StdPeriph_Driver\src\stm32f4xx_iwdg.o
IWDG_SetReload                                    Libraries\STM32F4xx_StdPeriph_Driver\src\stm32f4xx_iwdg.o
IWDG_WriteAccessCmd                               Libraries\STM32F4xx_StdPeriph_Driver\src\stm32f4xx_iwdg.o
MemManage_Handler                                 src\stm32f4xx_it.o
                                                  src\startup_stm32f40xx.o
NMI_Handler                                       src\stm32f4xx_it.o
                                                  src\startup_stm32f40xx.o
NVIC_Init                                         Libraries\STM32F4xx_StdPeriph_Driver\src\misc.o
                                                  middle\gsm_sim.o
NVIC_PriorityGroupConfig                          Libraries\STM32F4xx_StdPeriph_Driver\src\misc.o
                                                  middle\gsm_sim.o
NVIC_SetVectorTable                               Libraries\STM32F4xx_StdPeriph_Driver\src\misc.o
NVIC_SystemLPConfig                               Libraries\STM32F4xx_StdPeriph_Driver\src\misc.o
OTG_FS_IRQHandler                                 src\startup_stm32f40xx.o
OTG_FS_WKUP_IRQHandler                            src\startup_stm32f40xx.o
OTG_HS_EP1_IN_IRQHandler                          src\startup_stm32f40xx.o
OTG_HS_EP1_OUT_IRQHandler                         src\startup_stm32f40xx.o
OTG_HS_IRQHandler                                 src\startup_stm32f40xx.o
OTG_HS_WKUP_IRQHandler                            src\startup_stm32f40xx.o
PVD_IRQHandler                                    src\startup_stm32f40xx.o
PWR_BackupAccessCmd                               Libraries\STM32F4xx_StdPeriph_Driver\src\stm32f4xx_pwr.o
PWR_BackupRegulatorCmd                            Libraries\STM32F4xx_StdPeriph_Driver\src\stm32f4xx_pwr.o
PWR_ClearFlag                                     Libraries\STM32F4xx_StdPeriph_Driver\src\stm32f4xx_pwr.o
PWR_DeInit                                        Libraries\STM32F4xx_StdPeriph_Driver\src\stm32f4xx_pwr.o
PWR_EnterSTANDBYMode                              Libraries\STM32F4xx_StdPeriph_Driver\src\stm32f4xx_pwr.o
PWR_EnterSTOPMode                                 Libraries\STM32F4xx_StdPeriph_Driver\src\stm32f4xx_pwr.o
PWR_FlashPowerDownCmd                             Libraries\STM32F4xx_StdPeriph_Driver\src\stm32f4xx_pwr.o
PWR_GetFlagStatus                                 Libraries\STM32F4xx_StdPeriph_Driver\src\stm32f4xx_pwr.o
PWR_MainRegulatorModeConfig                       Libraries\STM32F4xx_StdPeriph_Driver\src\stm32f4xx_pwr.o
PWR_PVDCmd                                        Libraries\STM32F4xx_StdPeriph_Driver\src\stm32f4xx_pwr.o
PWR_PVDLevelConfig                                Libraries\STM32F4xx_StdPeriph_Driver\src\stm32f4xx_pwr.o
PWR_WakeUpPinCmd                                  Libraries\STM32F4xx_StdPeriph_Driver\src\stm32f4xx_pwr.o
PendSV_Handler                                    src\stm32f4xx_it.o
                                                  src\startup_stm32f40xx.o
RCC_AHB1PeriphClockCmd                            Libraries\STM32F4xx_StdPeriph_Driver\src\stm32f4xx_rcc.o
                                                  middle\init.o
RCC_AHB1PeriphClockLPModeCmd                      Libraries\STM32F4xx_StdPeriph_Driver\src\stm32f4xx_rcc.o
RCC_AHB1PeriphResetCmd                            Libraries\STM32F4xx_StdPeriph_Driver\src\stm32f4xx_rcc.o
                                                  Libraries\STM32F4xx_StdPeriph_Driver\src\stm32f4xx_gpio.o
RCC_AHB2PeriphClockCmd                            Libraries\STM32F4xx_StdPeriph_Driver\src\stm32f4xx_rcc.o
RCC_AHB2PeriphClockLPModeCmd                      Libraries\STM32F4xx_StdPeriph_Driver\src\stm32f4xx_rcc.o
RCC_AHB2PeriphResetCmd                            Libraries\STM32F4xx_StdPeriph_Driver\src\stm32f4xx_rcc.o
                                                  Libraries\STM32F4xx_StdPeriph_Driver\src\stm32f4xx_rng.o
                                                  Libraries\STM32F4xx_StdPeriph_Driver\src\stm32f4xx_hash.o
                                                  Libraries\STM32F4xx_StdPeriph_Driver\src\stm32f4xx_cryp.o
RCC_AHB3PeriphClockCmd                            Libraries\STM32F4xx_StdPeriph_Driver\src\stm32f4xx_rcc.o
RCC_AHB3PeriphClockLPModeCmd                      Libraries\STM32F4xx_StdPeriph_Driver\src\stm32f4xx_rcc.o
RCC_AHB3PeriphResetCmd                            Libraries\STM32F4xx_StdPeriph_Driver\src\stm32f4xx_rcc.o
RCC_APB1PeriphClockCmd                            Libraries\STM32F4xx_StdPeriph_Driver\src\stm32f4xx_rcc.o
                                                  middle\init.o
RCC_APB1PeriphClockLPModeCmd                      Libraries\STM32F4xx_StdPeriph_Driver\src\stm32f4xx_rcc.o
RCC_APB1PeriphResetCmd                            Libraries\STM32F4xx_StdPeriph_Driver\src\stm32f4xx_rcc.o
                                                  Libraries\STM32F4xx_StdPeriph_Driver\src\stm32f4xx_wwdg.o
                                                  Libraries\STM32F4xx_StdPeriph_Driver\src\stm32f4xx_usart.o
                                                  Libraries\STM32F4xx_StdPeriph_Driver\src\stm32f4xx_tim.o
                                                  Libraries\STM32F4xx_StdPeriph_Driver\src\stm32f4xx_spi.o
                                                  Libraries\STM32F4xx_StdPeriph_Driver\src\stm32f4xx_pwr.o
                                                  Libraries\STM32F4xx_StdPeriph_Driver\src\stm32f4xx_i2c.o
                                                  Libraries\STM32F4xx_StdPeriph_Driver\src\stm32f4xx_dac.o
                                                  Libraries\STM32F4xx_StdPeriph_Driver\src\stm32f4xx_can.o
RCC_APB2PeriphClockCmd                            Libraries\STM32F4xx_StdPeriph_Driver\src\stm32f4xx_rcc.o
                                                  middle\init.o
RCC_APB2PeriphClockLPModeCmd                      Libraries\STM32F4xx_StdPeriph_Driver\src\stm32f4xx_rcc.o
RCC_APB2PeriphResetCmd                            Libraries\STM32F4xx_StdPeriph_Driver\src\stm32f4xx_rcc.o
                                                  Libraries\STM32F4xx_StdPeriph_Driver\src\stm32f4xx_usart.o
                                                  Libraries\STM32F4xx_StdPeriph_Driver\src\stm32f4xx_tim.o
                                                  Libraries\STM32F4xx_StdPeriph_Driver\src\stm32f4xx_syscfg.o
                                                  Libraries\STM32F4xx_StdPeriph_Driver\src\stm32f4xx_spi.o
                                                  Libraries\STM32F4xx_StdPeriph_Driver\src\stm32f4xx_sdio.o
                                                  Libraries\STM32F4xx_StdPeriph_Driver\src\stm32f4xx_adc.o
RCC_AdjustHSICalibrationValue                     Libraries\STM32F4xx_StdPeriph_Driver\src\stm32f4xx_rcc.o
RCC_BackupResetCmd                                Libraries\STM32F4xx_StdPeriph_Driver\src\stm32f4xx_rcc.o
RCC_ClearFlag                                     Libraries\STM32F4xx_StdPeriph_Driver\src\stm32f4xx_rcc.o
RCC_ClearITPendingBit                             Libraries\STM32F4xx_StdPeriph_Driver\src\stm32f4xx_rcc.o
RCC_ClockSecuritySystemCmd                        Libraries\STM32F4xx_StdPeriph_Driver\src\stm32f4xx_rcc.o
RCC_DeInit                                        Libraries\STM32F4xx_StdPeriph_Driver\src\stm32f4xx_rcc.o
RCC_GetClocksFreq                                 Libraries\STM32F4xx_StdPeriph_Driver\src\stm32f4xx_rcc.o
                                                  Libraries\STM32F4xx_StdPeriph_Driver\src\stm32f4xx_usart.o
                                                  Libraries\STM32F4xx_StdPeriph_Driver\src\stm32f4xx_i2c.o
RCC_GetFlagStatus                                 Libraries\STM32F4xx_StdPeriph_Driver\src\stm32f4xx_rcc.o
RCC_GetITStatus                                   Libraries\STM32F4xx_StdPeriph_Driver\src\stm32f4xx_rcc.o
RCC_GetSYSCLKSource                               Libraries\STM32F4xx_StdPeriph_Driver\src\stm32f4xx_rcc.o
RCC_HCLKConfig                                    Libraries\STM32F4xx_StdPeriph_Driver\src\stm32f4xx_rcc.o
RCC_HSEConfig                                     Libraries\STM32F4xx_StdPeriph_Driver\src\stm32f4xx_rcc.o
RCC_HSICmd                                        Libraries\STM32F4xx_StdPeriph_Driver\src\stm32f4xx_rcc.o
RCC_I2SCLKConfig                                  Libraries\STM32F4xx_StdPeriph_Driver\src\stm32f4xx_rcc.o
RCC_IRQHandler                                    src\startup_stm32f40xx.o
RCC_ITConfig                                      Libraries\STM32F4xx_StdPeriph_Driver\src\stm32f4xx_rcc.o
RCC_LSEConfig                                     Libraries\STM32F4xx_StdPeriph_Driver\src\stm32f4xx_rcc.o
RCC_LSICmd                                        Libraries\STM32F4xx_StdPeriph_Driver\src\stm32f4xx_rcc.o
RCC_MCO1Config                                    Libraries\STM32F4xx_StdPeriph_Driver\src\stm32f4xx_rcc.o
RCC_MCO2Config                                    Libraries\STM32F4xx_StdPeriph_Driver\src\stm32f4xx_rcc.o
RCC_PCLK1Config                                   Libraries\STM32F4xx_StdPeriph_Driver\src\stm32f4xx_rcc.o
RCC_PCLK2Config                                   Libraries\STM32F4xx_StdPeriph_Driver\src\stm32f4xx_rcc.o
RCC_PLLCmd                                        Libraries\STM32F4xx_StdPeriph_Driver\src\stm32f4xx_rcc.o
RCC_PLLConfig                                     Libraries\STM32F4xx_StdPeriph_Driver\src\stm32f4xx_rcc.o
RCC_PLLI2SCmd                                     Libraries\STM32F4xx_StdPeriph_Driver\src\stm32f4xx_rcc.o
RCC_PLLI2SConfig                                  Libraries\STM32F4xx_StdPeriph_Driver\src\stm32f4xx_rcc.o
RCC_RTCCLKCmd                                     Libraries\STM32F4xx_StdPeriph_Driver\src\stm32f4xx_rcc.o
RCC_RTCCLKConfig                                  Libraries\STM32F4xx_StdPeriph_Driver\src\stm32f4xx_rcc.o
RCC_SYSCLKConfig                                  Libraries\STM32F4xx_StdPeriph_Driver\src\stm32f4xx_rcc.o
RCC_TIMCLKPresConfig                              Libraries\STM32F4xx_StdPeriph_Driver\src\stm32f4xx_rcc.o
RCC_WaitForHSEStartUp                             Libraries\STM32F4xx_StdPeriph_Driver\src\stm32f4xx_rcc.o
RNG_ClearFlag                                     Libraries\STM32F4xx_StdPeriph_Driver\src\stm32f4xx_rng.o
RNG_ClearITPendingBit                             Libraries\STM32F4xx_StdPeriph_Driver\src\stm32f4xx_rng.o
RNG_Cmd                                           Libraries\STM32F4xx_StdPeriph_Driver\src\stm32f4xx_rng.o
RNG_DeInit                                        Libraries\STM32F4xx_StdPeriph_Driver\src\stm32f4xx_rng.o
RNG_GetFlagStatus                                 Libraries\STM32F4xx_StdPeriph_Driver\src\stm32f4xx_rng.o
RNG_GetITStatus                                   Libraries\STM32F4xx_StdPeriph_Driver\src\stm32f4xx_rng.o
RNG_GetRandomNumber                               Libraries\STM32F4xx_StdPeriph_Driver\src\stm32f4xx_rng.o
RNG_ITConfig                                      Libraries\STM32F4xx_StdPeriph_Driver\src\stm32f4xx_rng.o
RTC_AlarmCmd                                      Libraries\STM32F4xx_StdPeriph_Driver\src\stm32f4xx_rtc.o
RTC_AlarmStructInit                               Libraries\STM32F4xx_StdPeriph_Driver\src\stm32f4xx_rtc.o
RTC_AlarmSubSecondConfig                          Libraries\STM32F4xx_StdPeriph_Driver\src\stm32f4xx_rtc.o
RTC_Alarm_IRQHandler                              src\startup_stm32f40xx.o
RTC_BypassShadowCmd                               Libraries\STM32F4xx_StdPeriph_Driver\src\stm32f4xx_rtc.o
RTC_CalibOutputCmd                                Libraries\STM32F4xx_StdPeriph_Driver\src\stm32f4xx_rtc.o
RTC_CalibOutputConfig                             Libraries\STM32F4xx_StdPeriph_Driver\src\stm32f4xx_rtc.o
RTC_ClearFlag                                     Libraries\STM32F4xx_StdPeriph_Driver\src\stm32f4xx_rtc.o
RTC_ClearITPendingBit                             Libraries\STM32F4xx_StdPeriph_Driver\src\stm32f4xx_rtc.o
RTC_CoarseCalibCmd                                Libraries\STM32F4xx_StdPeriph_Driver\src\stm32f4xx_rtc.o
RTC_CoarseCalibConfig                             Libraries\STM32F4xx_StdPeriph_Driver\src\stm32f4xx_rtc.o
RTC_DateStructInit                                Libraries\STM32F4xx_StdPeriph_Driver\src\stm32f4xx_rtc.o
RTC_DayLightSavingConfig                          Libraries\STM32F4xx_StdPeriph_Driver\src\stm32f4xx_rtc.o
RTC_DeInit                                        Libraries\STM32F4xx_StdPeriph_Driver\src\stm32f4xx_rtc.o
RTC_EnterInitMode                                 Libraries\STM32F4xx_StdPeriph_Driver\src\stm32f4xx_rtc.o
RTC_ExitInitMode                                  Libraries\STM32F4xx_StdPeriph_Driver\src\stm32f4xx_rtc.o
RTC_GetAlarm                                      Libraries\STM32F4xx_StdPeriph_Driver\src\stm32f4xx_rtc.o
RTC_GetAlarmSubSecond                             Libraries\STM32F4xx_StdPeriph_Driver\src\stm32f4xx_rtc.o
RTC_GetDate                                       Libraries\STM32F4xx_StdPeriph_Driver\src\stm32f4xx_rtc.o
RTC_GetFlagStatus                                 Libraries\STM32F4xx_StdPeriph_Driver\src\stm32f4xx_rtc.o
RTC_GetITStatus                                   Libraries\STM32F4xx_StdPeriph_Driver\src\stm32f4xx_rtc.o
RTC_GetStoreOperation                             Libraries\STM32F4xx_StdPeriph_Driver\src\stm32f4xx_rtc.o
RTC_GetSubSecond                                  Libraries\STM32F4xx_StdPeriph_Driver\src\stm32f4xx_rtc.o
RTC_GetTime                                       Libraries\STM32F4xx_StdPeriph_Driver\src\stm32f4xx_rtc.o
RTC_GetTimeStamp                                  Libraries\STM32F4xx_StdPeriph_Driver\src\stm32f4xx_rtc.o
RTC_GetTimeStampSubSecond                         Libraries\STM32F4xx_StdPeriph_Driver\src\stm32f4xx_rtc.o
RTC_GetWakeUpCounter                              Libraries\STM32F4xx_StdPeriph_Driver\src\stm32f4xx_rtc.o
RTC_ITConfig                                      Libraries\STM32F4xx_StdPeriph_Driver\src\stm32f4xx_rtc.o
RTC_Init                                          Libraries\STM32F4xx_StdPeriph_Driver\src\stm32f4xx_rtc.o
RTC_OutputConfig                                  Libraries\STM32F4xx_StdPeriph_Driver\src\stm32f4xx_rtc.o
RTC_OutputTypeConfig                              Libraries\STM32F4xx_StdPeriph_Driver\src\stm32f4xx_rtc.o
RTC_ReadBackupRegister                            Libraries\STM32F4xx_StdPeriph_Driver\src\stm32f4xx_rtc.o
RTC_RefClockCmd                                   Libraries\STM32F4xx_StdPeriph_Driver\src\stm32f4xx_rtc.o
RTC_SetAlarm                                      Libraries\STM32F4xx_StdPeriph_Driver\src\stm32f4xx_rtc.o
RTC_SetDate                                       Libraries\STM32F4xx_StdPeriph_Driver\src\stm32f4xx_rtc.o
RTC_SetTime                                       Libraries\STM32F4xx_StdPeriph_Driver\src\stm32f4xx_rtc.o
RTC_SetWakeUpCounter                              Libraries\STM32F4xx_StdPeriph_Driver\src\stm32f4xx_rtc.o
RTC_SmoothCalibConfig                             Libraries\STM32F4xx_StdPeriph_Driver\src\stm32f4xx_rtc.o
RTC_StructInit                                    Libraries\STM32F4xx_StdPeriph_Driver\src\stm32f4xx_rtc.o
RTC_SynchroShiftConfig                            Libraries\STM32F4xx_StdPeriph_Driver\src\stm32f4xx_rtc.o
RTC_TamperCmd                                     Libraries\STM32F4xx_StdPeriph_Driver\src\stm32f4xx_rtc.o
RTC_TamperFilterConfig                            Libraries\STM32F4xx_StdPeriph_Driver\src\stm32f4xx_rtc.o
RTC_TamperPinSelection                            Libraries\STM32F4xx_StdPeriph_Driver\src\stm32f4xx_rtc.o
RTC_TamperPinsPrechargeDuration                   Libraries\STM32F4xx_StdPeriph_Driver\src\stm32f4xx_rtc.o
RTC_TamperPullUpCmd                               Libraries\STM32F4xx_StdPeriph_Driver\src\stm32f4xx_rtc.o
RTC_TamperSamplingFreqConfig                      Libraries\STM32F4xx_StdPeriph_Driver\src\stm32f4xx_rtc.o
RTC_TamperTriggerConfig                           Libraries\STM32F4xx_StdPeriph_Driver\src\stm32f4xx_rtc.o
RTC_TimeStampCmd                                  Libraries\STM32F4xx_StdPeriph_Driver\src\stm32f4xx_rtc.o
RTC_TimeStampOnTamperDetectionCmd                 Libraries\STM32F4xx_StdPeriph_Driver\src\stm32f4xx_rtc.o
RTC_TimeStampPinSelection                         Libraries\STM32F4xx_StdPeriph_Driver\src\stm32f4xx_rtc.o
RTC_TimeStructInit                                Libraries\STM32F4xx_StdPeriph_Driver\src\stm32f4xx_rtc.o
RTC_WKUP_IRQHandler                               src\startup_stm32f40xx.o
RTC_WaitForSynchro                                Libraries\STM32F4xx_StdPeriph_Driver\src\stm32f4xx_rtc.o
RTC_WakeUpClockConfig                             Libraries\STM32F4xx_StdPeriph_Driver\src\stm32f4xx_rtc.o
RTC_WakeUpCmd                                     Libraries\STM32F4xx_StdPeriph_Driver\src\stm32f4xx_rtc.o
RTC_WriteBackupRegister                           Libraries\STM32F4xx_StdPeriph_Driver\src\stm32f4xx_rtc.o
RTC_WriteProtectionCmd                            Libraries\STM32F4xx_StdPeriph_Driver\src\stm32f4xx_rtc.o
Reset_Handler                                     src\startup_stm32f40xx.o
SDIO_CEATAITCmd                                   Libraries\STM32F4xx_StdPeriph_Driver\src\stm32f4xx_sdio.o